Component: ARM Compiler 6.7 Tool: armlink [5c9ef700]

==============================================================================

Section Cross References

    main.o(.text.main) refers to oled.o(.text.OLED_Init) for OLED_Init
    main.o(.text.main) refers to oled.o(.text.OLED_DisplayCameraData) for OLED_DisplayCameraData
    main.o(.text.main) refers to oled.o(.text.OLED_Print) for OLED_Print
    main.o(.ARM.exidx.text.main) refers to main.o(.text.main) for [Anonymous Symbol]
    startup_mspm0g350x_uvision.o(STACK) refers (Special) to heapauxi.o(.text) for __use_two_region_memory
    startup_mspm0g350x_uvision.o(HEAP) refers (Special) to heapauxi.o(.text) for __use_two_region_memory
    startup_mspm0g350x_uvision.o(RESET) refers (Special) to heapauxi.o(.text) for __use_two_region_memory
    startup_mspm0g350x_uvision.o(RESET) refers to startup_mspm0g350x_uvision.o(STACK) for __initial_sp
    startup_mspm0g350x_uvision.o(RESET) refers to startup_mspm0g350x_uvision.o(.text) for Reset_Handler
    startup_mspm0g350x_uvision.o(.text) refers (Special) to heapauxi.o(.text) for __use_two_region_memory
    startup_mspm0g350x_uvision.o(.text) refers to __main.o(!!!main) for __main
    startup_mspm0g350x_uvision.o(.text) refers to startup_mspm0g350x_uvision.o(HEAP) for Heap_Mem
    startup_mspm0g350x_uvision.o(.text) refers to startup_mspm0g350x_uvision.o(STACK) for Stack_Mem
    i2c.o(.ARM.exidx.text.I2C1_init) refers to i2c.o(.text.I2C1_init) for [Anonymous Symbol]
    i2c.o(.ARM.exidx.text.I2C1_putchar) refers to i2c.o(.text.I2C1_putchar) for [Anonymous Symbol]
    i2c.o(.ARM.exidx.text.I2C1_put) refers to i2c.o(.text.I2C1_put) for [Anonymous Symbol]
    oled.o(.text.draw_1d_data) refers to rt_memclr.o(.text) for __aeabi_memclr
    oled.o(.text.draw_1d_data) refers to dflti.o(.text) for __aeabi_ui2d
    oled.o(.text.draw_1d_data) refers to dmul.o(.text) for __aeabi_dmul
    oled.o(.text.draw_1d_data) refers to ddiv.o(.text) for __aeabi_ddiv
    oled.o(.text.draw_1d_data) refers to floor.o(i.floor) for floor
    oled.o(.text.draw_1d_data) refers to dfixui.o(.text) for __aeabi_d2uiz
    oled.o(.text.draw_1d_data) refers to main.o(.bss.OLED_GRAPH_ARR) for OLED_GRAPH_ARR
    oled.o(.ARM.exidx.text.draw_1d_data) refers to oled.o(.text.draw_1d_data) for [Anonymous Symbol]
    oled.o(.text.OLED_ClearTextArr) refers to rt_memclr.o(.text) for __aeabi_memclr
    oled.o(.text.OLED_ClearTextArr) refers to main.o(.bss.OLED_TEXT_ARR) for OLED_TEXT_ARR
    oled.o(.ARM.exidx.text.OLED_ClearTextArr) refers to oled.o(.text.OLED_ClearTextArr) for [Anonymous Symbol]
    oled.o(.text.OLED_sendCommand) refers to i2c.o(.text.I2C1_put) for I2C1_put
    oled.o(.ARM.exidx.text.OLED_sendCommand) refers to oled.o(.text.OLED_sendCommand) for [Anonymous Symbol]
    oled.o(.text.OLED_write_display) refers to i2c.o(.text.I2C1_put) for I2C1_put
    oled.o(.ARM.exidx.text.OLED_write_display) refers to oled.o(.text.OLED_write_display) for [Anonymous Symbol]
    oled.o(.text.OLED_Init) refers to i2c.o(.text.I2C1_init) for I2C1_init
    oled.o(.text.OLED_Init) refers to rt_memclr.o(.text) for __aeabi_memclr
    oled.o(.text.OLED_Init) refers to oled.o(.text.OLED_display_clear) for OLED_display_clear
    oled.o(.text.OLED_Init) refers to main.o(.bss.OLED_TEXT_ARR) for OLED_TEXT_ARR
    oled.o(.text.OLED_Init) refers to oled.o(.text.OLED_sendCommand) for OLED_sendCommand
    oled.o(.ARM.exidx.text.OLED_Init) refers to oled.o(.text.OLED_Init) for [Anonymous Symbol]
    oled.o(.text.OLED_display_on) refers to oled.o(.text.OLED_sendCommand) for OLED_sendCommand
    oled.o(.ARM.exidx.text.OLED_display_on) refers to oled.o(.text.OLED_display_on) for [Anonymous Symbol]
    oled.o(.text.OLED_display_clear) refers to rt_memclr.o(.text) for __aeabi_memclr
    oled.o(.text.OLED_display_clear) refers to oled.o(.text.OLED_write_display) for OLED_write_display
    oled.o(.text.OLED_display_clear) refers to main.o(.bss.OLED_TEXT_ARR) for OLED_TEXT_ARR
    oled.o(.text.OLED_display_clear) refers to main.o(.bss.OLED_GRAPH_ARR) for OLED_GRAPH_ARR
    oled.o(.ARM.exidx.text.OLED_display_clear) refers to oled.o(.text.OLED_display_clear) for [Anonymous Symbol]
    oled.o(.text.OLED_draw) refers to main.o(.bss.OLED_TEXT_ARR) for OLED_TEXT_ARR
    oled.o(.text.OLED_draw) refers to oled.o(.rodata.num_str) for [Anonymous Symbol]
    oled.o(.ARM.exidx.text.OLED_draw) refers to oled.o(.text.OLED_draw) for [Anonymous Symbol]
    oled.o(.text.OLED_draw_line) refers to oled.o(.text.OLED_draw) for OLED_draw
    oled.o(.text.OLED_draw_line) refers to strlen.o(.text) for strlen
    oled.o(.ARM.exidx.text.OLED_draw_line) refers to oled.o(.text.OLED_draw_line) for [Anonymous Symbol]
    oled.o(.text.OLED_display_off) refers to oled.o(.text.OLED_sendCommand) for OLED_sendCommand
    oled.o(.ARM.exidx.text.OLED_display_off) refers to oled.o(.text.OLED_display_off) for [Anonymous Symbol]
    oled.o(.text.OLED_DisplayCameraData) refers to oled.o(.text.draw_1d_data) for draw_1d_data
    oled.o(.text.OLED_DisplayCameraData) refers to oled.o(.text.OLED_write_display) for OLED_write_display
    oled.o(.text.OLED_DisplayCameraData) refers to main.o(.bss.OLED_GRAPH_ARR) for OLED_GRAPH_ARR
    oled.o(.ARM.exidx.text.OLED_DisplayCameraData) refers to oled.o(.text.OLED_DisplayCameraData) for [Anonymous Symbol]
    oled.o(.text.OLED_PrintBlock) refers to oled.o(.text.OLED_draw_line) for OLED_draw_line
    oled.o(.text.OLED_PrintBlock) refers to oled.o(.text.OLED_write_display) for OLED_write_display
    oled.o(.text.OLED_PrintBlock) refers to main.o(.bss.OLED_TEXT_ARR) for OLED_TEXT_ARR
    oled.o(.ARM.exidx.text.OLED_PrintBlock) refers to oled.o(.text.OLED_PrintBlock) for [Anonymous Symbol]
    oled.o(.text.OLED_Print) refers to oled.o(.text.OLED_PrintBlock) for OLED_PrintBlock
    oled.o(.ARM.exidx.text.OLED_Print) refers to oled.o(.text.OLED_Print) for [Anonymous Symbol]
    oled.o(.text.OLED_PrintLine) refers to oled.o(.text.OLED_Print) for OLED_Print
    oled.o(.text.OLED_PrintLine) refers to oled.o(.bss.textIndex) for [Anonymous Symbol]
    oled.o(.ARM.exidx.text.OLED_PrintLine) refers to oled.o(.text.OLED_PrintLine) for [Anonymous Symbol]
    __main.o(!!!main) refers to __rtentry.o(.ARM.Collect$$rtentry$$00000000) for __rt_entry
    ddiv.o(.text) refers (Special) to usenofp.o(x$fpl$usenofp) for __I$use$fp
    ddiv.o(.text) refers to ddiv.o(.constdata) for .constdata
    ddiv.o(.constdata) refers (Special) to usenofp.o(x$fpl$usenofp) for __I$use$fp
    dfixui.o(.text) refers (Special) to usenofp.o(x$fpl$usenofp) for __I$use$fp
    dflti.o(.text) refers (Special) to usenofp.o(x$fpl$usenofp) for __I$use$fp
    dmul.o(.text) refers (Special) to usenofp.o(x$fpl$usenofp) for __I$use$fp
    floor.o(i.__softfp_floor) refers (Special) to usenofp.o(x$fpl$usenofp) for __I$use$fp
    floor.o(i.__softfp_floor) refers to floor.o(i.floor) for floor
    floor.o(i.floor) refers (Special) to usenofp.o(x$fpl$usenofp) for __I$use$fp
    floor.o(i.floor) refers to daddsub.o(.text) for __aeabi_dadd
    floor.o(i.floor) refers to drlef.o(x$fpl$drleqf) for __aeabi_cdrcmple
    __rtentry.o(.ARM.Collect$$rtentry$$00000000) refers (Special) to __rtentry2.o(.ARM.Collect$$rtentry$$0000000A) for __rt_entry_li
    __rtentry.o(.ARM.Collect$$rtentry$$00000000) refers (Special) to __rtentry2.o(.ARM.Collect$$rtentry$$0000000D) for __rt_entry_main
    __rtentry.o(.ARM.Collect$$rtentry$$00000000) refers (Special) to __rtentry2.o(.ARM.Collect$$rtentry$$0000000C) for __rt_entry_postli_1
    __rtentry.o(.ARM.Collect$$rtentry$$00000000) refers (Special) to __rtentry2.o(.ARM.Collect$$rtentry$$00000009) for __rt_entry_postsh_1
    __rtentry.o(.ARM.Collect$$rtentry$$00000000) refers (Special) to __rtentry2.o(.ARM.Collect$$rtentry$$00000002) for __rt_entry_presh_1
    __rtentry.o(.ARM.Collect$$rtentry$$00000000) refers (Special) to __rtentry4.o(.ARM.Collect$$rtentry$$00000004) for __rt_entry_sh
    daddsub.o(.text) refers (Special) to usenofp.o(x$fpl$usenofp) for __I$use$fp
    drlef.o(x$fpl$drleqf) refers (Special) to usenofp.o(x$fpl$usenofp) for __I$use$fp
    drlef.o(x$fpl$drleqf) refers to dcmpin.o(.text) for __fpl_dcmp_InfNaN
    __rtentry2.o(.ARM.Collect$$rtentry$$00000008) refers to boardinit2.o(.text) for _platform_post_stackheap_init
    __rtentry2.o(.ARM.Collect$$rtentry$$0000000A) refers to libinit.o(.ARM.Collect$$libinit$$00000000) for __rt_lib_init
    __rtentry2.o(.ARM.Collect$$rtentry$$0000000B) refers to boardinit3.o(.text) for _platform_post_lib_init
    __rtentry2.o(.ARM.Collect$$rtentry$$0000000D) refers to main.o(.text.main) for main
    __rtentry2.o(.ARM.Collect$$rtentry$$0000000D) refers to exit.o(.text) for exit
    __rtentry2.o(.ARM.exidx) refers to __rtentry2.o(.ARM.Collect$$rtentry$$00000001) for .ARM.Collect$$rtentry$$00000001
    __rtentry2.o(.ARM.exidx) refers to __rtentry2.o(.ARM.Collect$$rtentry$$00000008) for .ARM.Collect$$rtentry$$00000008
    __rtentry2.o(.ARM.exidx) refers to __rtentry2.o(.ARM.Collect$$rtentry$$0000000A) for .ARM.Collect$$rtentry$$0000000A
    __rtentry2.o(.ARM.exidx) refers to __rtentry2.o(.ARM.Collect$$rtentry$$0000000B) for .ARM.Collect$$rtentry$$0000000B
    __rtentry2.o(.ARM.exidx) refers to __rtentry2.o(.ARM.Collect$$rtentry$$0000000D) for .ARM.Collect$$rtentry$$0000000D
    __rtentry4.o(.ARM.Collect$$rtentry$$00000004) refers to sys_stackheap_outer.o(.text) for __user_setup_stackheap
    __rtentry4.o(.ARM.exidx) refers to __rtentry4.o(.ARM.Collect$$rtentry$$00000004) for .ARM.Collect$$rtentry$$00000004
    dcmpin.o(.text) refers (Special) to usenofp.o(x$fpl$usenofp) for __I$use$fp
    dcmpin.o(.text) refers to cmpret.o(.text) for __fpl_cmpreturn
    dcmpin.o(.text) refers to dnan2.o(.text) for __fpl_dcheck_NaN2
    sys_stackheap_outer.o(.text) refers to libspace.o(.text) for __user_perproc_libspace
    sys_stackheap_outer.o(.text) refers to startup_mspm0g350x_uvision.o(.text) for __user_initial_stackheap
    sys_stackheap_outer.o(__vectab_stack_and_reset_area) refers to tempstk.o(.text) for __temporary_stack_top
    sys_stackheap_outer.o(__vectab_stack_and_reset_area) refers to __main.o(!!!main) for __main
    exit.o(.text) refers to rtexit.o(.ARM.Collect$$rtexit$$00000000) for __rt_exit
    libinit.o(.ARM.Collect$$libinit$$00000000) refers (Special) to libinit2.o(.ARM.Collect$$libinit$$0000002E) for __rt_lib_init_alloca_1
    libinit.o(.ARM.Collect$$libinit$$00000000) refers (Special) to libinit2.o(.ARM.Collect$$libinit$$0000002C) for __rt_lib_init_argv_1
    libinit.o(.ARM.Collect$$libinit$$00000000) refers (Special) to libinit2.o(.ARM.Collect$$libinit$$0000001B) for __rt_lib_init_atexit_1
    libinit.o(.ARM.Collect$$libinit$$00000000) refers (Special) to libinit2.o(.ARM.Collect$$libinit$$00000021) for __rt_lib_init_clock_1
    libinit.o(.ARM.Collect$$libinit$$00000000) refers (Special) to libinit2.o(.ARM.Collect$$libinit$$00000032) for __rt_lib_init_cpp_1
    libinit.o(.ARM.Collect$$libinit$$00000000) refers (Special) to libinit2.o(.ARM.Collect$$libinit$$00000030) for __rt_lib_init_exceptions_1
    libinit.o(.ARM.Collect$$libinit$$00000000) refers (Special) to libinit2.o(.ARM.Collect$$libinit$$00000002) for __rt_lib_init_fp_1
    libinit.o(.ARM.Collect$$libinit$$00000000) refers (Special) to libinit2.o(.ARM.Collect$$libinit$$0000001F) for __rt_lib_init_fp_trap_1
    libinit.o(.ARM.Collect$$libinit$$00000000) refers (Special) to libinit2.o(.ARM.Collect$$libinit$$00000023) for __rt_lib_init_getenv_1
    libinit.o(.ARM.Collect$$libinit$$00000000) refers (Special) to libinit2.o(.ARM.Collect$$libinit$$0000000A) for __rt_lib_init_heap_1
    libinit.o(.ARM.Collect$$libinit$$00000000) refers (Special) to libinit2.o(.ARM.Collect$$libinit$$00000011) for __rt_lib_init_lc_collate_1
    libinit.o(.ARM.Collect$$libinit$$00000000) refers (Special) to libinit2.o(.ARM.Collect$$libinit$$00000013) for __rt_lib_init_lc_ctype_1
    libinit.o(.ARM.Collect$$libinit$$00000000) refers (Special) to libinit2.o(.ARM.Collect$$libinit$$00000015) for __rt_lib_init_lc_monetary_1
    libinit.o(.ARM.Collect$$libinit$$00000000) refers (Special) to libinit2.o(.ARM.Collect$$libinit$$00000017) for __rt_lib_init_lc_numeric_1
    libinit.o(.ARM.Collect$$libinit$$00000000) refers (Special) to libinit2.o(.ARM.Collect$$libinit$$00000019) for __rt_lib_init_lc_time_1
    libinit.o(.ARM.Collect$$libinit$$00000000) refers (Special) to libinit2.o(.ARM.Collect$$libinit$$00000004) for __rt_lib_init_preinit_1
    libinit.o(.ARM.Collect$$libinit$$00000000) refers (Special) to libinit2.o(.ARM.Collect$$libinit$$0000000E) for __rt_lib_init_rand_1
    libinit.o(.ARM.Collect$$libinit$$00000000) refers (Special) to libinit2.o(.ARM.Collect$$libinit$$00000033) for __rt_lib_init_return
    libinit.o(.ARM.Collect$$libinit$$00000000) refers (Special) to libinit2.o(.ARM.Collect$$libinit$$0000001D) for __rt_lib_init_signal_1
    libinit.o(.ARM.Collect$$libinit$$00000000) refers (Special) to libinit2.o(.ARM.Collect$$libinit$$00000025) for __rt_lib_init_stdio_1
    libinit.o(.ARM.Collect$$libinit$$00000000) refers (Special) to libinit2.o(.ARM.Collect$$libinit$$0000000C) for __rt_lib_init_user_alloc_1
    cmpret.o(.text) refers (Special) to usenofp.o(x$fpl$usenofp) for __I$use$fp
    dnan2.o(.text) refers (Special) to usenofp.o(x$fpl$usenofp) for __I$use$fp
    dnan2.o(.text) refers to retnan.o(.text) for __fpl_return_NaN
    libspace.o(.text) refers to libspace.o(.bss) for __libspace_start
    rtexit.o(.ARM.Collect$$rtexit$$00000000) refers (Special) to rtexit2.o(.ARM.Collect$$rtexit$$00000004) for __rt_exit_exit
    rtexit.o(.ARM.Collect$$rtexit$$00000000) refers (Special) to rtexit2.o(.ARM.Collect$$rtexit$$00000003) for __rt_exit_ls
    rtexit.o(.ARM.Collect$$rtexit$$00000000) refers (Special) to rtexit2.o(.ARM.Collect$$rtexit$$00000002) for __rt_exit_prels_1
    rtexit.o(.ARM.exidx) refers (Special) to rtexit2.o(.ARM.Collect$$rtexit$$00000004) for __rt_exit_exit
    rtexit.o(.ARM.exidx) refers (Special) to rtexit2.o(.ARM.Collect$$rtexit$$00000003) for __rt_exit_ls
    rtexit.o(.ARM.exidx) refers (Special) to rtexit2.o(.ARM.Collect$$rtexit$$00000002) for __rt_exit_prels_1
    rtexit.o(.ARM.exidx) refers to rtexit.o(.ARM.Collect$$rtexit$$00000000) for .ARM.Collect$$rtexit$$00000000
    libinit2.o(.ARM.Collect$$libinit$$00000010) refers to libinit2.o(.ARM.Collect$$libinit$$0000000F) for .ARM.Collect$$libinit$$0000000F
    libinit2.o(.ARM.Collect$$libinit$$00000012) refers to libinit2.o(.ARM.Collect$$libinit$$0000000F) for .ARM.Collect$$libinit$$0000000F
    libinit2.o(.ARM.Collect$$libinit$$00000014) refers to libinit2.o(.ARM.Collect$$libinit$$0000000F) for .ARM.Collect$$libinit$$0000000F
    libinit2.o(.ARM.Collect$$libinit$$00000016) refers to libinit2.o(.ARM.Collect$$libinit$$0000000F) for .ARM.Collect$$libinit$$0000000F
    libinit2.o(.ARM.Collect$$libinit$$00000018) refers to libinit2.o(.ARM.Collect$$libinit$$0000000F) for .ARM.Collect$$libinit$$0000000F
    libinit2.o(.ARM.Collect$$libinit$$00000026) refers to argv_veneer.o(.text) for __ARM_argv_veneer
    libinit2.o(.ARM.Collect$$libinit$$00000027) refers to argv_veneer.o(.text) for __ARM_argv_veneer
    retnan.o(.text) refers (Special) to usenofp.o(x$fpl$usenofp) for __I$use$fp
    retnan.o(.text) refers to cmpret.o(.text) for __fpl_cmpreturn
    rtexit2.o(.ARM.Collect$$rtexit$$00000003) refers to libshutdown.o(.ARM.Collect$$libshutdown$$00000000) for __rt_lib_shutdown
    rtexit2.o(.ARM.Collect$$rtexit$$00000004) refers to sys_exit.o(.text) for _sys_exit
    rtexit2.o(.ARM.exidx) refers to rtexit2.o(.ARM.Collect$$rtexit$$00000001) for .ARM.Collect$$rtexit$$00000001
    rtexit2.o(.ARM.exidx) refers to rtexit2.o(.ARM.Collect$$rtexit$$00000003) for .ARM.Collect$$rtexit$$00000003
    rtexit2.o(.ARM.exidx) refers to rtexit2.o(.ARM.Collect$$rtexit$$00000004) for .ARM.Collect$$rtexit$$00000004
    sys_exit.o(.text) refers (Special) to use_no_semi.o(.text) for __I$use$semihosting
    sys_exit.o(.text) refers (Special) to indicate_semi.o(.text) for __semihosting_library_function
    sys_exit_hlt.o(.text) refers (Special) to use_no_semi.o(.text) for __I$use$semihosting
    sys_exit_hlt.o(.text) refers (Special) to indicate_semi.o(.text) for __semihosting_library_function
    _get_argv_nomalloc.o(.text) refers (Special) to hrguard.o(.text) for __heap_region$guard
    _get_argv_nomalloc.o(.text) refers to defsig_rtmem_outer.o(.text) for __rt_SIGRTMEM
    _get_argv_nomalloc.o(.text) refers to sys_command.o(.text) for _sys_command_string
    libshutdown.o(.ARM.Collect$$libshutdown$$00000000) refers (Special) to libshutdown2.o(.ARM.Collect$$libshutdown$$00000002) for __rt_lib_shutdown_cpp_1
    libshutdown.o(.ARM.Collect$$libshutdown$$00000000) refers (Special) to libshutdown2.o(.ARM.Collect$$libshutdown$$00000007) for __rt_lib_shutdown_fp_trap_1
    libshutdown.o(.ARM.Collect$$libshutdown$$00000000) refers (Special) to libshutdown2.o(.ARM.Collect$$libshutdown$$0000000F) for __rt_lib_shutdown_heap_1
    libshutdown.o(.ARM.Collect$$libshutdown$$00000000) refers (Special) to libshutdown2.o(.ARM.Collect$$libshutdown$$00000010) for __rt_lib_shutdown_return
    libshutdown.o(.ARM.Collect$$libshutdown$$00000000) refers (Special) to libshutdown2.o(.ARM.Collect$$libshutdown$$0000000A) for __rt_lib_shutdown_signal_1
    libshutdown.o(.ARM.Collect$$libshutdown$$00000000) refers (Special) to libshutdown2.o(.ARM.Collect$$libshutdown$$00000004) for __rt_lib_shutdown_stdio_1
    libshutdown.o(.ARM.Collect$$libshutdown$$00000000) refers (Special) to libshutdown2.o(.ARM.Collect$$libshutdown$$0000000C) for __rt_lib_shutdown_user_alloc_1
    sys_command.o(.text) refers (Special) to use_no_semi.o(.text) for __I$use$semihosting
    sys_command.o(.text) refers (Special) to indicate_semi.o(.text) for __semihosting_library_function
    sys_command_hlt.o(.text) refers (Special) to use_no_semi.o(.text) for __I$use$semihosting
    sys_command_hlt.o(.text) refers (Special) to indicate_semi.o(.text) for __semihosting_library_function
    defsig_rtmem_outer.o(.text) refers to defsig_rtmem_inner.o(.text) for __rt_SIGRTMEM_inner
    defsig_rtmem_outer.o(.text) refers to defsig_exit.o(.text) for __sig_exit
    defsig_rtmem_formal.o(.text) refers to rt_raise.o(.text) for __rt_raise
    rt_raise.o(.text) refers to __raise.o(.text) for __raise
    rt_raise.o(.text) refers to sys_exit.o(.text) for _sys_exit
    defsig_exit.o(.text) refers to sys_exit.o(.text) for _sys_exit
    defsig_rtmem_inner.o(.text) refers to defsig_general.o(.text) for __default_signal_display
    __raise.o(.text) refers to defsig.o(CL$$defsig) for __default_signal_handler
    defsig_general.o(.text) refers to sys_wrch.o(.text) for _ttywrch
    sys_wrch.o(.text) refers (Special) to use_no_semi.o(.text) for __I$use$semihosting
    sys_wrch.o(.text) refers (Special) to indicate_semi.o(.text) for __semihosting_library_function
    sys_wrch_hlt.o(.text) refers (Special) to use_no_semi.o(.text) for __I$use$semihosting
    sys_wrch_hlt.o(.text) refers (Special) to indicate_semi.o(.text) for __semihosting_library_function
    defsig.o(CL$$defsig) refers to defsig_rtmem_inner.o(.text) for __rt_SIGRTMEM_inner
    defsig_abrt_inner.o(.text) refers to defsig_general.o(.text) for __default_signal_display
    defsig_fpe_inner.o(.text) refers to defsig_general.o(.text) for __default_signal_display
    defsig_rtred_inner.o(.text) refers to defsig_general.o(.text) for __default_signal_display
    defsig_stak_inner.o(.text) refers to defsig_general.o(.text) for __default_signal_display
    defsig_pvfn_inner.o(.text) refers to defsig_general.o(.text) for __default_signal_display
    defsig_cppl_inner.o(.text) refers to defsig_general.o(.text) for __default_signal_display
    defsig_segv_inner.o(.text) refers to defsig_general.o(.text) for __default_signal_display
    defsig_other.o(.text) refers to defsig_general.o(.text) for __default_signal_display


==============================================================================

Removing Unused input sections from the image.

    Removing main.o(.text), (0 bytes).
    Removing main.o(.ARM.exidx.text.main), (8 bytes).
    Removing main.o(.ARM.use_no_argv), (4 bytes).
    Removing i2c.o(.text), (0 bytes).
    Removing i2c.o(.ARM.exidx.text.I2C1_init), (8 bytes).
    Removing i2c.o(.text.I2C1_putchar), (12 bytes).
    Removing i2c.o(.ARM.exidx.text.I2C1_putchar), (8 bytes).
    Removing i2c.o(.ARM.exidx.text.I2C1_put), (8 bytes).
    Removing oled.o(.text), (0 bytes).
    Removing oled.o(.ARM.exidx.text.draw_1d_data), (8 bytes).
    Removing oled.o(.text.OLED_ClearTextArr), (20 bytes).
    Removing oled.o(.ARM.exidx.text.OLED_ClearTextArr), (8 bytes).
    Removing oled.o(.ARM.exidx.text.OLED_sendCommand), (8 bytes).
    Removing oled.o(.ARM.exidx.text.OLED_write_display), (8 bytes).
    Removing oled.o(.ARM.exidx.text.OLED_Init), (8 bytes).
    Removing oled.o(.text.OLED_display_on), (10 bytes).
    Removing oled.o(.ARM.exidx.text.OLED_display_on), (8 bytes).
    Removing oled.o(.ARM.exidx.text.OLED_display_clear), (8 bytes).
    Removing oled.o(.ARM.exidx.text.OLED_draw), (8 bytes).
    Removing oled.o(.ARM.exidx.text.OLED_draw_line), (8 bytes).
    Removing oled.o(.text.OLED_display_off), (10 bytes).
    Removing oled.o(.ARM.exidx.text.OLED_display_off), (8 bytes).
    Removing oled.o(.ARM.exidx.text.OLED_DisplayCameraData), (8 bytes).
    Removing oled.o(.ARM.exidx.text.OLED_PrintBlock), (8 bytes).
    Removing oled.o(.ARM.exidx.text.OLED_Print), (8 bytes).
    Removing oled.o(.text.OLED_PrintLine), (40 bytes).
    Removing oled.o(.ARM.exidx.text.OLED_PrintLine), (8 bytes).
    Removing oled.o(.bss.textIndex), (4 bytes).

28 unused section(s) (total 244 bytes) removed from the image.

==============================================================================

Image Symbol Table

    Local Symbols

    Symbol Name                              Value     Ov Type        Size  Object(Section)

    RESET                                    0x00000000   Section      192  startup_mspm0g350x_uvision.o(RESET)
    ../../lib/lab4/I2C/i2c.c                 0x00000000   Number         0  i2c.o ABSOLUTE
    ../../lib/lab4/I2C/oled.c                0x00000000   Number         0  oled.o ABSOLUTE
    ../../lib/lab4/main.c                    0x00000000   Number         0  main.o ABSOLUTE
    ../clib/angel/boardlib.s                 0x00000000   Number         0  boardinit2.o ABSOLUTE
    ../clib/angel/boardlib.s                 0x00000000   Number         0  boardshut.o ABSOLUTE
    ../clib/angel/boardlib.s                 0x00000000   Number         0  boardinit1.o ABSOLUTE
    ../clib/angel/boardlib.s                 0x00000000   Number         0  boardinit3.o ABSOLUTE
    ../clib/angel/handlers.s                 0x00000000   Number         0  __scatter_zi.o ABSOLUTE
    ../clib/angel/kernel.s                   0x00000000   Number         0  __rtentry2.o ABSOLUTE
    ../clib/angel/kernel.s                   0x00000000   Number         0  __rtentry4.o ABSOLUTE
    ../clib/angel/kernel.s                   0x00000000   Number         0  __rtentry.o ABSOLUTE
    ../clib/angel/kernel.s                   0x00000000   Number         0  rtexit.o ABSOLUTE
    ../clib/angel/kernel.s                   0x00000000   Number         0  rtexit2.o ABSOLUTE
    ../clib/angel/rt.s                       0x00000000   Number         0  rt_raise.o ABSOLUTE
    ../clib/angel/scatterp.s                 0x00000000   Number         0  __scatter.o ABSOLUTE
    ../clib/angel/startup.s                  0x00000000   Number         0  __main.o ABSOLUTE
    ../clib/angel/sys.s                      0x00000000   Number         0  tempstk.o ABSOLUTE
    ../clib/angel/sys.s                      0x00000000   Number         0  libspace.o ABSOLUTE
    ../clib/angel/sys.s                      0x00000000   Number         0  sys_stackheap_outer.o ABSOLUTE
    ../clib/angel/sys.s                      0x00000000   Number         0  indicate_semi.o ABSOLUTE
    ../clib/angel/sys.s                      0x00000000   Number         0  use_no_semi.o ABSOLUTE
    ../clib/angel/sysapp.c                   0x00000000   Number         0  sys_command_hlt.o ABSOLUTE
    ../clib/angel/sysapp.c                   0x00000000   Number         0  sys_exit_hlt.o ABSOLUTE
    ../clib/angel/sysapp.c                   0x00000000   Number         0  sys_exit.o ABSOLUTE
    ../clib/angel/sysapp.c                   0x00000000   Number         0  sys_wrch.o ABSOLUTE
    ../clib/angel/sysapp.c                   0x00000000   Number         0  sys_wrch_hlt.o ABSOLUTE
    ../clib/angel/sysapp.c                   0x00000000   Number         0  sys_command.o ABSOLUTE
    ../clib/armsys.c                         0x00000000   Number         0  no_argv.o ABSOLUTE
    ../clib/armsys.c                         0x00000000   Number         0  _get_argv_nomalloc.o ABSOLUTE
    ../clib/armsys.c                         0x00000000   Number         0  argv_veneer.o ABSOLUTE
    ../clib/heapalloc.c                      0x00000000   Number         0  hrguard.o ABSOLUTE
    ../clib/heapaux.c                        0x00000000   Number         0  heapauxi.o ABSOLUTE
    ../clib/libinit.s                        0x00000000   Number         0  libshutdown.o ABSOLUTE
    ../clib/libinit.s                        0x00000000   Number         0  libinit2.o ABSOLUTE
    ../clib/libinit.s                        0x00000000   Number         0  libinit.o ABSOLUTE
    ../clib/libinit.s                        0x00000000   Number         0  libshutdown2.o ABSOLUTE
    ../clib/memcpset.c                       0x00000000   Number         0  rt_memclr.o ABSOLUTE
    ../clib/signal.c                         0x00000000   Number         0  defsig_fpe_inner.o ABSOLUTE
    ../clib/signal.c                         0x00000000   Number         0  defsig_abrt_inner.o ABSOLUTE
    ../clib/signal.c                         0x00000000   Number         0  defsig_general.o ABSOLUTE
    ../clib/signal.c                         0x00000000   Number         0  __raise.o ABSOLUTE
    ../clib/signal.c                         0x00000000   Number         0  defsig_rtmem_inner.o ABSOLUTE
    ../clib/signal.c                         0x00000000   Number         0  defsig_exit.o ABSOLUTE
    ../clib/signal.c                         0x00000000   Number         0  defsig_rtmem_outer.o ABSOLUTE
    ../clib/signal.c                         0x00000000   Number         0  defsig_pvfn_inner.o ABSOLUTE
    ../clib/signal.c                         0x00000000   Number         0  defsig_stak_inner.o ABSOLUTE
    ../clib/signal.c                         0x00000000   Number         0  defsig_rtred_inner.o ABSOLUTE
    ../clib/signal.c                         0x00000000   Number         0  defsig_rtmem_formal.o ABSOLUTE
    ../clib/signal.c                         0x00000000   Number         0  defsig_cppl_inner.o ABSOLUTE
    ../clib/signal.c                         0x00000000   Number         0  defsig_segv_inner.o ABSOLUTE
    ../clib/signal.c                         0x00000000   Number         0  defsig_other.o ABSOLUTE
    ../clib/signal.s                         0x00000000   Number         0  defsig.o ABSOLUTE
    ../clib/stdlib.c                         0x00000000   Number         0  exit.o ABSOLUTE
    ../clib/string.c                         0x00000000   Number         0  strlen.o ABSOLUTE
    ../fplib/cfplib/cmpret.c                 0x00000000   Number         0  cmpret.o ABSOLUTE
    ../fplib/cfplib/daddsub.c                0x00000000   Number         0  daddsub.o ABSOLUTE
    ../fplib/cfplib/dcmpin.c                 0x00000000   Number         0  dcmpin.o ABSOLUTE
    ../fplib/cfplib/ddiv.c                   0x00000000   Number         0  ddiv.o ABSOLUTE
    ../fplib/cfplib/dmul.c                   0x00000000   Number         0  dmul.o ABSOLUTE
    ../fplib/cfplib/ffix.c                   0x00000000   Number         0  dfixui.o ABSOLUTE
    ../fplib/cfplib/fflt.c                   0x00000000   Number         0  dflti.o ABSOLUTE
    ../fplib/cfplib/fpinit.c                 0x00000000   Number         0  fpinit.o ABSOLUTE
    ../fplib/cfplib/nan2.c                   0x00000000   Number         0  dnan2.o ABSOLUTE
    ../fplib/cfplib/retnan.c                 0x00000000   Number         0  retnan.o ABSOLUTE
    ../fplib/drleqf6m.s                      0x00000000   Number         0  drlef.o ABSOLUTE
    ../fplib/usenofp.s                       0x00000000   Number         0  usenofp.o ABSOLUTE
    ../mathlib/floor.c                       0x00000000   Number         0  floor.o ABSOLUTE
    ..\..\source\ti\devices\msp\m0p\startup_system_files\keil\startup_mspm0g350x_uvision.s 0x00000000   Number         0  startup_mspm0g350x_uvision.o ABSOLUTE
    dc.s                                     0x00000000   Number         0  dc.o ABSOLUTE
    !!!main                                  0x000000c0   Section        8  __main.o(!!!main)
    !!!scatter                               0x000000c8   Section       60  __scatter.o(!!!scatter)
    !!handler_zi                             0x00000108   Section       28  __scatter_zi.o(!!handler_zi)
    .ARM.Collect$$libinit$$00000000          0x00000124   Section        2  libinit.o(.ARM.Collect$$libinit$$00000000)
    .ARM.Collect$$libinit$$00000002          0x00000126   Section        0  libinit2.o(.ARM.Collect$$libinit$$00000002)
    .ARM.Collect$$libinit$$00000004          0x00000126   Section        0  libinit2.o(.ARM.Collect$$libinit$$00000004)
    .ARM.Collect$$libinit$$0000000A          0x00000126   Section        0  libinit2.o(.ARM.Collect$$libinit$$0000000A)
    .ARM.Collect$$libinit$$0000000C          0x00000126   Section        0  libinit2.o(.ARM.Collect$$libinit$$0000000C)
    .ARM.Collect$$libinit$$0000000E          0x00000126   Section        0  libinit2.o(.ARM.Collect$$libinit$$0000000E)
    .ARM.Collect$$libinit$$00000011          0x00000126   Section        0  libinit2.o(.ARM.Collect$$libinit$$00000011)
    .ARM.Collect$$libinit$$00000013          0x00000126   Section        0  libinit2.o(.ARM.Collect$$libinit$$00000013)
    .ARM.Collect$$libinit$$00000015          0x00000126   Section        0  libinit2.o(.ARM.Collect$$libinit$$00000015)
    .ARM.Collect$$libinit$$00000017          0x00000126   Section        0  libinit2.o(.ARM.Collect$$libinit$$00000017)
    .ARM.Collect$$libinit$$00000019          0x00000126   Section        0  libinit2.o(.ARM.Collect$$libinit$$00000019)
    .ARM.Collect$$libinit$$0000001B          0x00000126   Section        0  libinit2.o(.ARM.Collect$$libinit$$0000001B)
    .ARM.Collect$$libinit$$0000001D          0x00000126   Section        0  libinit2.o(.ARM.Collect$$libinit$$0000001D)
    .ARM.Collect$$libinit$$0000001F          0x00000126   Section        0  libinit2.o(.ARM.Collect$$libinit$$0000001F)
    .ARM.Collect$$libinit$$00000021          0x00000126   Section        0  libinit2.o(.ARM.Collect$$libinit$$00000021)
    .ARM.Collect$$libinit$$00000023          0x00000126   Section        0  libinit2.o(.ARM.Collect$$libinit$$00000023)
    .ARM.Collect$$libinit$$00000025          0x00000126   Section        0  libinit2.o(.ARM.Collect$$libinit$$00000025)
    .ARM.Collect$$libinit$$0000002C          0x00000126   Section        0  libinit2.o(.ARM.Collect$$libinit$$0000002C)
    .ARM.Collect$$libinit$$0000002E          0x00000126   Section        0  libinit2.o(.ARM.Collect$$libinit$$0000002E)
    .ARM.Collect$$libinit$$00000030          0x00000126   Section        0  libinit2.o(.ARM.Collect$$libinit$$00000030)
    .ARM.Collect$$libinit$$00000032          0x00000126   Section        0  libinit2.o(.ARM.Collect$$libinit$$00000032)
    .ARM.Collect$$libinit$$00000033          0x00000126   Section        2  libinit2.o(.ARM.Collect$$libinit$$00000033)
    .ARM.Collect$$libshutdown$$00000000      0x00000128   Section        2  libshutdown.o(.ARM.Collect$$libshutdown$$00000000)
    .ARM.Collect$$libshutdown$$00000002      0x0000012a   Section        0  libshutdown2.o(.ARM.Collect$$libshutdown$$00000002)
    .ARM.Collect$$libshutdown$$00000004      0x0000012a   Section        0  libshutdown2.o(.ARM.Collect$$libshutdown$$00000004)
    .ARM.Collect$$libshutdown$$00000007      0x0000012a   Section        0  libshutdown2.o(.ARM.Collect$$libshutdown$$00000007)
    .ARM.Collect$$libshutdown$$0000000A      0x0000012a   Section        0  libshutdown2.o(.ARM.Collect$$libshutdown$$0000000A)
    .ARM.Collect$$libshutdown$$0000000C      0x0000012a   Section        0  libshutdown2.o(.ARM.Collect$$libshutdown$$0000000C)
    .ARM.Collect$$libshutdown$$0000000F      0x0000012a   Section        0  libshutdown2.o(.ARM.Collect$$libshutdown$$0000000F)
    .ARM.Collect$$libshutdown$$00000010      0x0000012a   Section        2  libshutdown2.o(.ARM.Collect$$libshutdown$$00000010)
    .ARM.Collect$$rtentry$$00000000          0x0000012c   Section        0  __rtentry.o(.ARM.Collect$$rtentry$$00000000)
    .ARM.Collect$$rtentry$$00000002          0x0000012c   Section        0  __rtentry2.o(.ARM.Collect$$rtentry$$00000002)
    .ARM.Collect$$rtentry$$00000004          0x0000012c   Section        6  __rtentry4.o(.ARM.Collect$$rtentry$$00000004)
    .ARM.Collect$$rtentry$$00000009          0x00000132   Section        0  __rtentry2.o(.ARM.Collect$$rtentry$$00000009)
    .ARM.Collect$$rtentry$$0000000A          0x00000132   Section        4  __rtentry2.o(.ARM.Collect$$rtentry$$0000000A)
    .ARM.Collect$$rtentry$$0000000C          0x00000136   Section        0  __rtentry2.o(.ARM.Collect$$rtentry$$0000000C)
    .ARM.Collect$$rtentry$$0000000D          0x00000136   Section        8  __rtentry2.o(.ARM.Collect$$rtentry$$0000000D)
    .ARM.Collect$$rtexit$$00000000           0x0000013e   Section        2  rtexit.o(.ARM.Collect$$rtexit$$00000000)
    .ARM.Collect$$rtexit$$00000002           0x00000140   Section        0  rtexit2.o(.ARM.Collect$$rtexit$$00000002)
    .ARM.Collect$$rtexit$$00000003           0x00000140   Section        4  rtexit2.o(.ARM.Collect$$rtexit$$00000003)
    .ARM.Collect$$rtexit$$00000004           0x00000144   Section        6  rtexit2.o(.ARM.Collect$$rtexit$$00000004)
    .text                                    0x0000014c   Section       48  startup_mspm0g350x_uvision.o(.text)
    .text                                    0x0000017c   Section        0  strlen.o(.text)
    .text                                    0x000001c0   Section        0  rt_memclr.o(.text)
    .text                                    0x00000200   Section        0  heapauxi.o(.text)
    .text                                    0x00000208   Section        0  ddiv.o(.text)
    .text                                    0x00000650   Section        0  dfixui.o(.text)
    .text                                    0x00000698   Section        0  dflti.o(.text)
    .text                                    0x000006f0   Section        0  dmul.o(.text)
    .text                                    0x00000938   Section        0  daddsub.o(.text)
    _dadd1                                   0x00000939   Thumb Code   290  daddsub.o(.text)
    _dsub1                                   0x00000a5b   Thumb Code   470  daddsub.o(.text)
    .text                                    0x00000c90   Section        0  dcmpin.o(.text)
    .text                                    0x00000d20   Section       62  sys_stackheap_outer.o(.text)
    .text                                    0x00000d5e   Section        0  exit.o(.text)
    .text                                    0x00000d6e   Section        0  cmpret.o(.text)
    .text                                    0x00000d9c   Section        0  dnan2.o(.text)
    .text                                    0x00000db0   Section        8  libspace.o(.text)
    .text                                    0x00000db8   Section        0  retnan.o(.text)
    .text                                    0x00000e18   Section        0  sys_exit.o(.text)
    .text                                    0x00000e24   Section        2  use_no_semi.o(.text)
    .text                                    0x00000e26   Section        0  indicate_semi.o(.text)
    [Anonymous Symbol]                       0x00000e28   Section        0  i2c.o(.text.I2C1_init)
    __arm_cp.0_0                             0x00000e80   Number         4  i2c.o(.text.I2C1_init)
    __arm_cp.0_1                             0x00000e84   Number         4  i2c.o(.text.I2C1_init)
    __arm_cp.0_2                             0x00000e88   Number         4  i2c.o(.text.I2C1_init)
    __arm_cp.0_3                             0x00000e8c   Number         4  i2c.o(.text.I2C1_init)
    __arm_cp.0_4                             0x00000e90   Number         4  i2c.o(.text.I2C1_init)
    __arm_cp.0_5                             0x00000e94   Number         4  i2c.o(.text.I2C1_init)
    __arm_cp.0_6                             0x00000e98   Number         4  i2c.o(.text.I2C1_init)
    [Anonymous Symbol]                       0x00000e9c   Section        0  i2c.o(.text.I2C1_put)
    __arm_cp.2_0                             0x00000ee4   Number         4  i2c.o(.text.I2C1_put)
    __arm_cp.2_1                             0x00000ee8   Number         4  i2c.o(.text.I2C1_put)
    [Anonymous Symbol]                       0x00000eec   Section        0  oled.o(.text.OLED_DisplayCameraData)
    [Anonymous Symbol]                       0x00000efc   Section        0  oled.o(.text.OLED_Init)
    __arm_cp.4_1                             0x00001000   Number         4  oled.o(.text.OLED_Init)
    [Anonymous Symbol]                       0x00001004   Section        0  oled.o(.text.OLED_Print)
    [Anonymous Symbol]                       0x00001014   Section        0  oled.o(.text.OLED_PrintBlock)
    [Anonymous Symbol]                       0x00001048   Section        0  oled.o(.text.OLED_display_clear)
    [Anonymous Symbol]                       0x00001070   Section        0  oled.o(.text.OLED_draw)
    __arm_cp.7_0                             0x00001114   Number         4  oled.o(.text.OLED_draw)
    __arm_cp.7_1                             0x00001118   Number         4  oled.o(.text.OLED_draw)
    __arm_cp.7_2                             0x0000111c   Number         4  oled.o(.text.OLED_draw)
    __arm_cp.7_3                             0x00001120   Number         4  oled.o(.text.OLED_draw)
    __arm_cp.7_4                             0x00001124   Number         4  oled.o(.text.OLED_draw)
    __arm_cp.7_5                             0x00001128   Number         4  oled.o(.text.OLED_draw)
    __arm_cp.7_6                             0x0000112c   Number         4  oled.o(.text.OLED_draw)
    __arm_cp.7_7                             0x00001130   Number         4  oled.o(.text.OLED_draw)
    __arm_cp.7_8                             0x00001134   Number         4  oled.o(.text.OLED_draw)
    __arm_cp.7_9                             0x00001138   Number         4  oled.o(.text.OLED_draw)
    __arm_cp.7_10                            0x0000113c   Number         4  oled.o(.text.OLED_draw)
    __arm_cp.7_11                            0x00001140   Number         4  oled.o(.text.OLED_draw)
    __arm_cp.7_12                            0x00001144   Number         4  oled.o(.text.OLED_draw)
    __arm_cp.7_13                            0x00001148   Number         4  oled.o(.text.OLED_draw)
    __arm_cp.7_14                            0x0000114c   Number         4  oled.o(.text.OLED_draw)
    __arm_cp.7_15                            0x00001150   Number         4  oled.o(.text.OLED_draw)
    __arm_cp.7_16                            0x00001154   Number         4  oled.o(.text.OLED_draw)
    __arm_cp.7_17                            0x00001158   Number         4  oled.o(.text.OLED_draw)
    __arm_cp.7_18                            0x0000115c   Number         4  oled.o(.text.OLED_draw)
    __arm_cp.7_19                            0x00001160   Number         4  oled.o(.text.OLED_draw)
    __arm_cp.7_20                            0x00001164   Number         4  oled.o(.text.OLED_draw)
    __arm_cp.7_21                            0x00001168   Number         4  oled.o(.text.OLED_draw)
    __arm_cp.7_22                            0x0000116c   Number         4  oled.o(.text.OLED_draw)
    __arm_cp.7_23                            0x00001170   Number         4  oled.o(.text.OLED_draw)
    __arm_cp.7_24                            0x00001174   Number         4  oled.o(.text.OLED_draw)
    __arm_cp.7_25                            0x00001178   Number         4  oled.o(.text.OLED_draw)
    [Anonymous Symbol]                       0x0000117c   Section        0  oled.o(.text.OLED_draw_line)
    [Anonymous Symbol]                       0x000011a4   Section        0  oled.o(.text.OLED_sendCommand)
    [Anonymous Symbol]                       0x000011b8   Section        0  oled.o(.text.OLED_write_display)
    [Anonymous Symbol]                       0x000011e0   Section        0  oled.o(.text.draw_1d_data)
    __arm_cp.0_0                             0x0000124c   Number         4  oled.o(.text.draw_1d_data)
    __arm_cp.0_1                             0x00001250   Number         4  oled.o(.text.draw_1d_data)
    __arm_cp.0_2                             0x00001254   Number         4  oled.o(.text.draw_1d_data)
    [Anonymous Symbol]                       0x00001258   Section        0  main.o(.text.main)
    __arm_cp.0_1                             0x000012ac   Number         4  main.o(.text.main)
    i.floor                                  0x000012d8   Section        0  floor.o(i.floor)
    x$fpl$drleqf                             0x000013a0   Section      104  drlef.o(x$fpl$drleqf)
    .constdata                               0x00001408   Section      128  ddiv.o(.constdata)
    x$fpl$usenofp                            0x00001408   Section        0  usenofp.o(x$fpl$usenofp)
    ddiv_reciptbl                            0x00001408   Data         128  ddiv.o(.constdata)
    [Anonymous Symbol]                       0x00001488   Section        0  oled.o(.rodata.num_str)
    num_str                                  0x00001488   Data        1520  oled.o(.rodata.num_str)
    .bss                                     0x20200000   Section       96  libspace.o(.bss)
    HEAP                                     0x20200860   Section      512  startup_mspm0g350x_uvision.o(HEAP)
    Heap_Mem                                 0x20200860   Data         512  startup_mspm0g350x_uvision.o(HEAP)
    STACK                                    0x20200a60   Section      512  startup_mspm0g350x_uvision.o(STACK)
    Stack_Mem                                0x20200a60   Data         512  startup_mspm0g350x_uvision.o(STACK)
    __initial_sp                             0x20200c60   Data           0  startup_mspm0g350x_uvision.o(STACK)

    Global Symbols

    Symbol Name                              Value     Ov Type        Size  Object(Section)

    BuildAttributes$$THM_ISAv3M$S$PE$A:L22$X:L11$S22$IEEE1$IW$~IW$USESV6$~STKCKD$USESV7$~SHL$OTIME$ROPI$IEEEJ$EBA8$UX$STANDARDLIB$REQ8$PRES8$EABIv2 0x00000000   Number         0  anon$$obj.o ABSOLUTE
    __Vectors                                0x00000000   Data           4  startup_mspm0g350x_uvision.o(RESET)
    __ARM_exceptions_init                     - Undefined Weak Reference
    __alloca_initialize                       - Undefined Weak Reference
    __arm_preinit_                            - Undefined Weak Reference
    __cpp_initialize__aeabi_                  - Undefined Weak Reference
    __cxa_finalize                            - Undefined Weak Reference
    __rt_locale                               - Undefined Weak Reference
    __sigvec_lookup                           - Undefined Weak Reference
    _atexit_init                              - Undefined Weak Reference
    _call_atexit_fns                          - Undefined Weak Reference
    _clock_init                               - Undefined Weak Reference
    _fp_trap_init                             - Undefined Weak Reference
    _fp_trap_shutdown                         - Undefined Weak Reference
    _get_lc_collate                           - Undefined Weak Reference
    _get_lc_ctype                             - Undefined Weak Reference
    _get_lc_monetary                          - Undefined Weak Reference
    _get_lc_numeric                           - Undefined Weak Reference
    _get_lc_time                              - Undefined Weak Reference
    _getenv_init                              - Undefined Weak Reference
    _handle_redirection                       - Undefined Weak Reference
    _init_alloc                               - Undefined Weak Reference
    _init_user_alloc                          - Undefined Weak Reference
    _initio                                   - Undefined Weak Reference
    _rand_init                                - Undefined Weak Reference
    _signal_finish                            - Undefined Weak Reference
    _signal_init                              - Undefined Weak Reference
    _terminate_alloc                          - Undefined Weak Reference
    _terminate_user_alloc                     - Undefined Weak Reference
    _terminateio                              - Undefined Weak Reference
    __Vectors_End                            0x000000c0   Data           0  startup_mspm0g350x_uvision.o(RESET)
    __Vectors_Size                           0x000000c0   Number         0  startup_mspm0g350x_uvision.o ABSOLUTE
    __main                                   0x000000c1   Thumb Code     8  __main.o(!!!main)
    __scatterload                            0x000000c9   Thumb Code     0  __scatter.o(!!!scatter)
    __scatterload_rt2                        0x000000c9   Thumb Code    52  __scatter.o(!!!scatter)
    __scatterload_rt2_thumb_only             0x000000c9   Thumb Code     0  __scatter.o(!!!scatter)
    __scatterload_null                       0x000000d9   Thumb Code     0  __scatter.o(!!!scatter)
    __scatterload_zeroinit                   0x00000109   Thumb Code    28  __scatter_zi.o(!!handler_zi)
    __rt_lib_init                            0x00000125   Thumb Code     0  libinit.o(.ARM.Collect$$libinit$$00000000)
    __rt_lib_init_alloca_1                   0x00000127   Thumb Code     0  libinit2.o(.ARM.Collect$$libinit$$0000002E)
    __rt_lib_init_argv_1                     0x00000127   Thumb Code     0  libinit2.o(.ARM.Collect$$libinit$$0000002C)
    __rt_lib_init_atexit_1                   0x00000127   Thumb Code     0  libinit2.o(.ARM.Collect$$libinit$$0000001B)
    __rt_lib_init_clock_1                    0x00000127   Thumb Code     0  libinit2.o(.ARM.Collect$$libinit$$00000021)
    __rt_lib_init_cpp_1                      0x00000127   Thumb Code     0  libinit2.o(.ARM.Collect$$libinit$$00000032)
    __rt_lib_init_exceptions_1               0x00000127   Thumb Code     0  libinit2.o(.ARM.Collect$$libinit$$00000030)
    __rt_lib_init_fp_1                       0x00000127   Thumb Code     0  libinit2.o(.ARM.Collect$$libinit$$00000002)
    __rt_lib_init_fp_trap_1                  0x00000127   Thumb Code     0  libinit2.o(.ARM.Collect$$libinit$$0000001F)
    __rt_lib_init_getenv_1                   0x00000127   Thumb Code     0  libinit2.o(.ARM.Collect$$libinit$$00000023)
    __rt_lib_init_heap_1                     0x00000127   Thumb Code     0  libinit2.o(.ARM.Collect$$libinit$$0000000A)
    __rt_lib_init_lc_collate_1               0x00000127   Thumb Code     0  libinit2.o(.ARM.Collect$$libinit$$00000011)
    __rt_lib_init_lc_ctype_1                 0x00000127   Thumb Code     0  libinit2.o(.ARM.Collect$$libinit$$00000013)
    __rt_lib_init_lc_monetary_1              0x00000127   Thumb Code     0  libinit2.o(.ARM.Collect$$libinit$$00000015)
    __rt_lib_init_lc_numeric_1               0x00000127   Thumb Code     0  libinit2.o(.ARM.Collect$$libinit$$00000017)
    __rt_lib_init_lc_time_1                  0x00000127   Thumb Code     0  libinit2.o(.ARM.Collect$$libinit$$00000019)
    __rt_lib_init_preinit_1                  0x00000127   Thumb Code     0  libinit2.o(.ARM.Collect$$libinit$$00000004)
    __rt_lib_init_rand_1                     0x00000127   Thumb Code     0  libinit2.o(.ARM.Collect$$libinit$$0000000E)
    __rt_lib_init_return                     0x00000127   Thumb Code     0  libinit2.o(.ARM.Collect$$libinit$$00000033)
    __rt_lib_init_signal_1                   0x00000127   Thumb Code     0  libinit2.o(.ARM.Collect$$libinit$$0000001D)
    __rt_lib_init_stdio_1                    0x00000127   Thumb Code     0  libinit2.o(.ARM.Collect$$libinit$$00000025)
    __rt_lib_init_user_alloc_1               0x00000127   Thumb Code     0  libinit2.o(.ARM.Collect$$libinit$$0000000C)
    __rt_lib_shutdown                        0x00000129   Thumb Code     0  libshutdown.o(.ARM.Collect$$libshutdown$$00000000)
    __rt_lib_shutdown_cpp_1                  0x0000012b   Thumb Code     0  libshutdown2.o(.ARM.Collect$$libshutdown$$00000002)
    __rt_lib_shutdown_fp_trap_1              0x0000012b   Thumb Code     0  libshutdown2.o(.ARM.Collect$$libshutdown$$00000007)
    __rt_lib_shutdown_heap_1                 0x0000012b   Thumb Code     0  libshutdown2.o(.ARM.Collect$$libshutdown$$0000000F)
    __rt_lib_shutdown_return                 0x0000012b   Thumb Code     0  libshutdown2.o(.ARM.Collect$$libshutdown$$00000010)
    __rt_lib_shutdown_signal_1               0x0000012b   Thumb Code     0  libshutdown2.o(.ARM.Collect$$libshutdown$$0000000A)
    __rt_lib_shutdown_stdio_1                0x0000012b   Thumb Code     0  libshutdown2.o(.ARM.Collect$$libshutdown$$00000004)
    __rt_lib_shutdown_user_alloc_1           0x0000012b   Thumb Code     0  libshutdown2.o(.ARM.Collect$$libshutdown$$0000000C)
    __rt_entry                               0x0000012d   Thumb Code     0  __rtentry.o(.ARM.Collect$$rtentry$$00000000)
    __rt_entry_presh_1                       0x0000012d   Thumb Code     0  __rtentry2.o(.ARM.Collect$$rtentry$$00000002)
    __rt_entry_sh                            0x0000012d   Thumb Code     0  __rtentry4.o(.ARM.Collect$$rtentry$$00000004)
    __rt_entry_li                            0x00000133   Thumb Code     0  __rtentry2.o(.ARM.Collect$$rtentry$$0000000A)
    __rt_entry_postsh_1                      0x00000133   Thumb Code     0  __rtentry2.o(.ARM.Collect$$rtentry$$00000009)
    __rt_entry_main                          0x00000137   Thumb Code     0  __rtentry2.o(.ARM.Collect$$rtentry$$0000000D)
    __rt_entry_postli_1                      0x00000137   Thumb Code     0  __rtentry2.o(.ARM.Collect$$rtentry$$0000000C)
    __rt_exit                                0x0000013f   Thumb Code     0  rtexit.o(.ARM.Collect$$rtexit$$00000000)
    __rt_exit_ls                             0x00000141   Thumb Code     0  rtexit2.o(.ARM.Collect$$rtexit$$00000003)
    __rt_exit_prels_1                        0x00000141   Thumb Code     0  rtexit2.o(.ARM.Collect$$rtexit$$00000002)
    __rt_exit_exit                           0x00000145   Thumb Code     0  rtexit2.o(.ARM.Collect$$rtexit$$00000004)
    Reset_Handler                            0x0000014d   Thumb Code     4  startup_mspm0g350x_uvision.o(.text)
    NMI_Handler                              0x00000151   Thumb Code     2  startup_mspm0g350x_uvision.o(.text)
    HardFault_Handler                        0x00000153   Thumb Code     2  startup_mspm0g350x_uvision.o(.text)
    SVC_Handler                              0x00000155   Thumb Code     2  startup_mspm0g350x_uvision.o(.text)
    PendSV_Handler                           0x00000157   Thumb Code     2  startup_mspm0g350x_uvision.o(.text)
    SysTick_Handler                          0x00000159   Thumb Code     2  startup_mspm0g350x_uvision.o(.text)
    ADC0_IRQHandler                          0x0000015b   Thumb Code     0  startup_mspm0g350x_uvision.o(.text)
    ADC1_IRQHandler                          0x0000015b   Thumb Code     0  startup_mspm0g350x_uvision.o(.text)
    AES_IRQHandler                           0x0000015b   Thumb Code     0  startup_mspm0g350x_uvision.o(.text)
    CANFD0_IRQHandler                        0x0000015b   Thumb Code     0  startup_mspm0g350x_uvision.o(.text)
    DAC0_IRQHandler                          0x0000015b   Thumb Code     0  startup_mspm0g350x_uvision.o(.text)
    DMA_IRQHandler                           0x0000015b   Thumb Code     0  startup_mspm0g350x_uvision.o(.text)
    Default_Handler                          0x0000015b   Thumb Code     2  startup_mspm0g350x_uvision.o(.text)
    GROUP0_IRQHandler                        0x0000015b   Thumb Code     0  startup_mspm0g350x_uvision.o(.text)
    GROUP1_IRQHandler                        0x0000015b   Thumb Code     0  startup_mspm0g350x_uvision.o(.text)
    I2C0_IRQHandler                          0x0000015b   Thumb Code     0  startup_mspm0g350x_uvision.o(.text)
    I2C1_IRQHandler                          0x0000015b   Thumb Code     0  startup_mspm0g350x_uvision.o(.text)
    RTC_IRQHandler                           0x0000015b   Thumb Code     0  startup_mspm0g350x_uvision.o(.text)
    SPI0_IRQHandler                          0x0000015b   Thumb Code     0  startup_mspm0g350x_uvision.o(.text)
    SPI1_IRQHandler                          0x0000015b   Thumb Code     0  startup_mspm0g350x_uvision.o(.text)
    TIMA0_IRQHandler                         0x0000015b   Thumb Code     0  startup_mspm0g350x_uvision.o(.text)
    TIMA1_IRQHandler                         0x0000015b   Thumb Code     0  startup_mspm0g350x_uvision.o(.text)
    TIMG0_IRQHandler                         0x0000015b   Thumb Code     0  startup_mspm0g350x_uvision.o(.text)
    TIMG12_IRQHandler                        0x0000015b   Thumb Code     0  startup_mspm0g350x_uvision.o(.text)
    TIMG6_IRQHandler                         0x0000015b   Thumb Code     0  startup_mspm0g350x_uvision.o(.text)
    TIMG7_IRQHandler                         0x0000015b   Thumb Code     0  startup_mspm0g350x_uvision.o(.text)
    TIMG8_IRQHandler                         0x0000015b   Thumb Code     0  startup_mspm0g350x_uvision.o(.text)
    UART0_IRQHandler                         0x0000015b   Thumb Code     0  startup_mspm0g350x_uvision.o(.text)
    UART1_IRQHandler                         0x0000015b   Thumb Code     0  startup_mspm0g350x_uvision.o(.text)
    UART2_IRQHandler                         0x0000015b   Thumb Code     0  startup_mspm0g350x_uvision.o(.text)
    UART3_IRQHandler                         0x0000015b   Thumb Code     0  startup_mspm0g350x_uvision.o(.text)
    __user_initial_stackheap                 0x0000015d   Thumb Code    10  startup_mspm0g350x_uvision.o(.text)
    strlen                                   0x0000017d   Thumb Code    62  strlen.o(.text)
    _memset_w                                0x000001c1   Thumb Code    26  rt_memclr.o(.text)
    _memset                                  0x000001db   Thumb Code    30  rt_memclr.o(.text)
    __aeabi_memclr                           0x000001f9   Thumb Code     4  rt_memclr.o(.text)
    __rt_memclr                              0x000001f9   Thumb Code     0  rt_memclr.o(.text)
    __aeabi_memclr4                          0x000001fd   Thumb Code     0  rt_memclr.o(.text)
    __aeabi_memclr8                          0x000001fd   Thumb Code     0  rt_memclr.o(.text)
    __rt_memclr_w                            0x000001fd   Thumb Code     4  rt_memclr.o(.text)
    __use_two_region_memory                  0x00000201   Thumb Code     2  heapauxi.o(.text)
    __rt_heap_escrow$2region                 0x00000203   Thumb Code     2  heapauxi.o(.text)
    __rt_heap_expand$2region                 0x00000205   Thumb Code     2  heapauxi.o(.text)
    __aeabi_ddiv                             0x00000209   Thumb Code     0  ddiv.o(.text)
    _ddiv                                    0x00000209   Thumb Code  1072  ddiv.o(.text)
    _drdiv                                   0x00000639   Thumb Code    20  ddiv.o(.text)
    __aeabi_d2uiz                            0x00000651   Thumb Code     0  dfixui.o(.text)
    _dfixu                                   0x00000651   Thumb Code    68  dfixui.o(.text)
    __aeabi_i2d_normalise                    0x00000699   Thumb Code    66  dflti.o(.text)
    __aeabi_i2d                              0x000006db   Thumb Code    16  dflti.o(.text)
    _dflt                                    0x000006db   Thumb Code     0  dflti.o(.text)
    __aeabi_ui2d                             0x000006eb   Thumb Code     6  dflti.o(.text)
    _dfltu                                   0x000006eb   Thumb Code     0  dflti.o(.text)
    __aeabi_dmul                             0x000006f1   Thumb Code     0  dmul.o(.text)
    _dmul                                    0x000006f1   Thumb Code   558  dmul.o(.text)
    __aeabi_dadd                             0x00000c31   Thumb Code     0  daddsub.o(.text)
    _dadd                                    0x00000c31   Thumb Code    26  daddsub.o(.text)
    __aeabi_dsub                             0x00000c4b   Thumb Code     0  daddsub.o(.text)
    _dsub                                    0x00000c4b   Thumb Code    22  daddsub.o(.text)
    __aeabi_drsub                            0x00000c61   Thumb Code     0  daddsub.o(.text)
    _drsb                                    0x00000c61   Thumb Code    28  daddsub.o(.text)
    __fpl_dcmp_InfNaN                        0x00000c91   Thumb Code   140  dcmpin.o(.text)
    __user_setup_stackheap                   0x00000d21   Thumb Code    62  sys_stackheap_outer.o(.text)
    exit                                     0x00000d5f   Thumb Code    16  exit.o(.text)
    __fpl_cmpreturn                          0x00000d6f   Thumb Code    46  cmpret.o(.text)
    __fpl_dcheck_NaN2                        0x00000d9d   Thumb Code    14  dnan2.o(.text)
    __user_libspace                          0x00000db1   Thumb Code     8  libspace.o(.text)
    __user_perproc_libspace                  0x00000db1   Thumb Code     0  libspace.o(.text)
    __user_perthread_libspace                0x00000db1   Thumb Code     0  libspace.o(.text)
    __fpl_return_NaN                         0x00000db9   Thumb Code    94  retnan.o(.text)
    _sys_exit                                0x00000e19   Thumb Code     8  sys_exit.o(.text)
    __I$use$semihosting                      0x00000e25   Thumb Code     0  use_no_semi.o(.text)
    __use_no_semihosting_swi                 0x00000e25   Thumb Code     2  use_no_semi.o(.text)
    __semihosting_library_function           0x00000e27   Thumb Code     0  indicate_semi.o(.text)
    I2C1_init                                0x00000e29   Thumb Code   120  i2c.o(.text.I2C1_init)
    I2C1_put                                 0x00000e9d   Thumb Code    80  i2c.o(.text.I2C1_put)
    OLED_DisplayCameraData                   0x00000eed   Thumb Code    20  oled.o(.text.OLED_DisplayCameraData)
    OLED_Init                                0x00000efd   Thumb Code   268  oled.o(.text.OLED_Init)
    OLED_Print                               0x00001005   Thumb Code    14  oled.o(.text.OLED_Print)
    OLED_PrintBlock                          0x00001015   Thumb Code    56  oled.o(.text.OLED_PrintBlock)
    OLED_display_clear                       0x00001049   Thumb Code    48  oled.o(.text.OLED_display_clear)
    OLED_draw                                0x00001071   Thumb Code   268  oled.o(.text.OLED_draw)
    OLED_draw_line                           0x0000117d   Thumb Code    40  oled.o(.text.OLED_draw_line)
    OLED_sendCommand                         0x000011a5   Thumb Code    20  oled.o(.text.OLED_sendCommand)
    OLED_write_display                       0x000011b9   Thumb Code    38  oled.o(.text.OLED_write_display)
    draw_1d_data                             0x000011e1   Thumb Code   120  oled.o(.text.draw_1d_data)
    main                                     0x00001259   Thumb Code   128  main.o(.text.main)
    floor                                    0x000012d9   Thumb Code   180  floor.o(i.floor)
    __aeabi_cdrcmple                         0x000013a1   Thumb Code     0  drlef.o(x$fpl$drleqf)
    _drcmple                                 0x000013a1   Thumb Code   100  drlef.o(x$fpl$drleqf)
    __I$use$fp                               0x00001408   Number         0  usenofp.o(x$fpl$usenofp)
    Region$$Table$$Base                      0x00001a78   Number         0  anon$$obj.o(Region$$Table)
    Region$$Table$$Limit                     0x00001a88   Number         0  anon$$obj.o(Region$$Table)
    __libspace_start                         0x20200000   Data          96  libspace.o(.bss)
    OLED_GRAPH_ARR                           0x20200060   Data        1024  main.o(.bss.OLED_GRAPH_ARR)
    __temporary_stack_top$libspace           0x20200060   Data           0  libspace.o(.bss)
    OLED_TEXT_ARR                            0x20200460   Data        1024  main.o(.bss.OLED_TEXT_ARR)



==============================================================================

Memory Map of the image

  Image Entry point : 0x000000c1

  Load Region LR_IROM1 (Base: 0x00000000, Size: 0x00001a88, Max: 0x00020000, ABSOLUTE)

    Execution Region ER_IROM1 (Exec base: 0x00000000, Load base: 0x00000000, Size: 0x00001a88, Max: 0x00020000, ABSOLUTE)

    Exec Addr    Load Addr    Size         Type   Attr      Idx    E Section Name        Object

    0x00000000   0x00000000   0x000000c0   Data   RO           19    RESET               startup_mspm0g350x_uvision.o
    0x000000c0   0x000000c0   0x00000008   Code   RO           92  * !!!main             c_p.l(__main.o)
    0x000000c8   0x000000c8   0x0000003c   Code   RO          283    !!!scatter          c_p.l(__scatter.o)
    0x00000104   0x00000104   0x00000004   PAD
    0x00000108   0x00000108   0x0000001c   Code   RO          285    !!handler_zi        c_p.l(__scatter_zi.o)
    0x00000124   0x00000124   0x00000002   Code   RO          140    .ARM.Collect$$libinit$$00000000  c_p.l(libinit.o)
    0x00000126   0x00000126   0x00000000   Code   RO          152    .ARM.Collect$$libinit$$00000002  c_p.l(libinit2.o)
    0x00000126   0x00000126   0x00000000   Code   RO          154    .ARM.Collect$$libinit$$00000004  c_p.l(libinit2.o)
    0x00000126   0x00000126   0x00000000   Code   RO          157    .ARM.Collect$$libinit$$0000000A  c_p.l(libinit2.o)
    0x00000126   0x00000126   0x00000000   Code   RO          159    .ARM.Collect$$libinit$$0000000C  c_p.l(libinit2.o)
    0x00000126   0x00000126   0x00000000   Code   RO          161    .ARM.Collect$$libinit$$0000000E  c_p.l(libinit2.o)
    0x00000126   0x00000126   0x00000000   Code   RO          164    .ARM.Collect$$libinit$$00000011  c_p.l(libinit2.o)
    0x00000126   0x00000126   0x00000000   Code   RO          166    .ARM.Collect$$libinit$$00000013  c_p.l(libinit2.o)
    0x00000126   0x00000126   0x00000000   Code   RO          168    .ARM.Collect$$libinit$$00000015  c_p.l(libinit2.o)
    0x00000126   0x00000126   0x00000000   Code   RO          170    .ARM.Collect$$libinit$$00000017  c_p.l(libinit2.o)
    0x00000126   0x00000126   0x00000000   Code   RO          172    .ARM.Collect$$libinit$$00000019  c_p.l(libinit2.o)
    0x00000126   0x00000126   0x00000000   Code   RO          174    .ARM.Collect$$libinit$$0000001B  c_p.l(libinit2.o)
    0x00000126   0x00000126   0x00000000   Code   RO          176    .ARM.Collect$$libinit$$0000001D  c_p.l(libinit2.o)
    0x00000126   0x00000126   0x00000000   Code   RO          178    .ARM.Collect$$libinit$$0000001F  c_p.l(libinit2.o)
    0x00000126   0x00000126   0x00000000   Code   RO          180    .ARM.Collect$$libinit$$00000021  c_p.l(libinit2.o)
    0x00000126   0x00000126   0x00000000   Code   RO          182    .ARM.Collect$$libinit$$00000023  c_p.l(libinit2.o)
    0x00000126   0x00000126   0x00000000   Code   RO          184    .ARM.Collect$$libinit$$00000025  c_p.l(libinit2.o)
    0x00000126   0x00000126   0x00000000   Code   RO          188    .ARM.Collect$$libinit$$0000002C  c_p.l(libinit2.o)
    0x00000126   0x00000126   0x00000000   Code   RO          190    .ARM.Collect$$libinit$$0000002E  c_p.l(libinit2.o)
    0x00000126   0x00000126   0x00000000   Code   RO          192    .ARM.Collect$$libinit$$00000030  c_p.l(libinit2.o)
    0x00000126   0x00000126   0x00000000   Code   RO          194    .ARM.Collect$$libinit$$00000032  c_p.l(libinit2.o)
    0x00000126   0x00000126   0x00000002   Code   RO          195    .ARM.Collect$$libinit$$00000033  c_p.l(libinit2.o)
    0x00000128   0x00000128   0x00000002   Code   RO          219    .ARM.Collect$$libshutdown$$00000000  c_p.l(libshutdown.o)
    0x0000012a   0x0000012a   0x00000000   Code   RO          234    .ARM.Collect$$libshutdown$$00000002  c_p.l(libshutdown2.o)
    0x0000012a   0x0000012a   0x00000000   Code   RO          236    .ARM.Collect$$libshutdown$$00000004  c_p.l(libshutdown2.o)
    0x0000012a   0x0000012a   0x00000000   Code   RO          239    .ARM.Collect$$libshutdown$$00000007  c_p.l(libshutdown2.o)
    0x0000012a   0x0000012a   0x00000000   Code   RO          242    .ARM.Collect$$libshutdown$$0000000A  c_p.l(libshutdown2.o)
    0x0000012a   0x0000012a   0x00000000   Code   RO          244    .ARM.Collect$$libshutdown$$0000000C  c_p.l(libshutdown2.o)
    0x0000012a   0x0000012a   0x00000000   Code   RO          247    .ARM.Collect$$libshutdown$$0000000F  c_p.l(libshutdown2.o)
    0x0000012a   0x0000012a   0x00000002   Code   RO          248    .ARM.Collect$$libshutdown$$00000010  c_p.l(libshutdown2.o)
    0x0000012c   0x0000012c   0x00000000   Code   RO          107    .ARM.Collect$$rtentry$$00000000  c_p.l(__rtentry.o)
    0x0000012c   0x0000012c   0x00000000   Code   RO          114    .ARM.Collect$$rtentry$$00000002  c_p.l(__rtentry2.o)
    0x0000012c   0x0000012c   0x00000006   Code   RO          126    .ARM.Collect$$rtentry$$00000004  c_p.l(__rtentry4.o)
    0x00000132   0x00000132   0x00000000   Code   RO          116    .ARM.Collect$$rtentry$$00000009  c_p.l(__rtentry2.o)
    0x00000132   0x00000132   0x00000004   Code   RO          117    .ARM.Collect$$rtentry$$0000000A  c_p.l(__rtentry2.o)
    0x00000136   0x00000136   0x00000000   Code   RO          119    .ARM.Collect$$rtentry$$0000000C  c_p.l(__rtentry2.o)
    0x00000136   0x00000136   0x00000008   Code   RO          120    .ARM.Collect$$rtentry$$0000000D  c_p.l(__rtentry2.o)
    0x0000013e   0x0000013e   0x00000002   Code   RO          149    .ARM.Collect$$rtexit$$00000000  c_p.l(rtexit.o)
    0x00000140   0x00000140   0x00000000   Code   RO          199    .ARM.Collect$$rtexit$$00000002  c_p.l(rtexit2.o)
    0x00000140   0x00000140   0x00000004   Code   RO          200    .ARM.Collect$$rtexit$$00000003  c_p.l(rtexit2.o)
    0x00000144   0x00000144   0x00000006   Code   RO          201    .ARM.Collect$$rtexit$$00000004  c_p.l(rtexit2.o)
    0x0000014a   0x0000014a   0x00000002   PAD
    0x0000014c   0x0000014c   0x00000030   Code   RO           20    .text               startup_mspm0g350x_uvision.o
    0x0000017c   0x0000017c   0x00000044   Code   RO           86    .text               c_p.l(strlen.o)
    0x000001c0   0x000001c0   0x00000040   Code   RO           88    .text               c_p.l(rt_memclr.o)
    0x00000200   0x00000200   0x00000006   Code   RO           90    .text               c_p.l(heapauxi.o)
    0x00000206   0x00000206   0x00000002   PAD
    0x00000208   0x00000208   0x00000448   Code   RO           94    .text               fz_ps.l(ddiv.o)
    0x00000650   0x00000650   0x00000048   Code   RO           97    .text               fz_ps.l(dfixui.o)
    0x00000698   0x00000698   0x00000058   Code   RO           99    .text               fz_ps.l(dflti.o)
    0x000006f0   0x000006f0   0x00000248   Code   RO          101    .text               fz_ps.l(dmul.o)
    0x00000938   0x00000938   0x00000358   Code   RO          108    .text               fz_ps.l(daddsub.o)
    0x00000c90   0x00000c90   0x00000090   Code   RO          128    .text               fz_ps.l(dcmpin.o)
    0x00000d20   0x00000d20   0x0000003e   Code   RO          130    .text               c_p.l(sys_stackheap_outer.o)
    0x00000d5e   0x00000d5e   0x00000010   Code   RO          133    .text               c_p.l(exit.o)
    0x00000d6e   0x00000d6e   0x0000002e   Code   RO          141    .text               fz_ps.l(cmpret.o)
    0x00000d9c   0x00000d9c   0x00000014   Code   RO          143    .text               fz_ps.l(dnan2.o)
    0x00000db0   0x00000db0   0x00000008   Code   RO          145    .text               c_p.l(libspace.o)
    0x00000db8   0x00000db8   0x0000005e   Code   RO          196    .text               fz_ps.l(retnan.o)
    0x00000e16   0x00000e16   0x00000002   PAD
    0x00000e18   0x00000e18   0x0000000c   Code   RO          209    .text               c_p.l(sys_exit.o)
    0x00000e24   0x00000e24   0x00000002   Code   RO          224    .text               c_p.l(use_no_semi.o)
    0x00000e26   0x00000e26   0x00000000   Code   RO          226    .text               c_p.l(indicate_semi.o)
    0x00000e26   0x00000e26   0x00000002   PAD
    0x00000e28   0x00000e28   0x00000074   Code   RO           27    .text.I2C1_init     i2c.o
    0x00000e9c   0x00000e9c   0x00000050   Code   RO           31    .text.I2C1_put      i2c.o
    0x00000eec   0x00000eec   0x00000010   Code   RO           64    .text.OLED_DisplayCameraData  oled.o
    0x00000efc   0x00000efc   0x00000108   Code   RO           52    .text.OLED_Init     oled.o
    0x00001004   0x00001004   0x0000000e   Code   RO           68    .text.OLED_Print    oled.o
    0x00001012   0x00001012   0x00000002   PAD
    0x00001014   0x00001014   0x00000034   Code   RO           66    .text.OLED_PrintBlock  oled.o
    0x00001048   0x00001048   0x00000028   Code   RO           56    .text.OLED_display_clear  oled.o
    0x00001070   0x00001070   0x0000010c   Code   RO           58    .text.OLED_draw     oled.o
    0x0000117c   0x0000117c   0x00000028   Code   RO           60    .text.OLED_draw_line  oled.o
    0x000011a4   0x000011a4   0x00000014   Code   RO           48    .text.OLED_sendCommand  oled.o
    0x000011b8   0x000011b8   0x00000026   Code   RO           50    .text.OLED_write_display  oled.o
    0x000011de   0x000011de   0x00000002   PAD
    0x000011e0   0x000011e0   0x00000078   Code   RO           44    .text.draw_1d_data  oled.o
    0x00001258   0x00001258   0x00000080   Code   RO            2    .text.main          main.o
    0x000012d8   0x000012d8   0x000000c8   Code   RO          104    i.floor             m_ps.l(floor.o)
    0x000013a0   0x000013a0   0x00000068   Code   RO          110    x$fpl$drleqf        fz_ps.l(drlef.o)
    0x00001408   0x00001408   0x00000000   Code   RO          112    x$fpl$usenofp       fz_ps.l(usenofp.o)
    0x00001408   0x00001408   0x00000080   Data   RO           95    .constdata          fz_ps.l(ddiv.o)
    0x00001488   0x00001488   0x000005f0   Data   RO           72    .rodata.num_str     oled.o
    0x00001a78   0x00001a78   0x00000010   Data   RO          281    Region$$Table       anon$$obj.o


    Execution Region RW_IRAM2 (Exec base: 0x20200000, Load base: 0x00001a88, Size: 0x00000c60, Max: 0x00008000, ABSOLUTE)

    Exec Addr    Load Addr    Size         Type   Attr      Idx    E Section Name        Object

    0x20200000        -       0x00000060   Zero   RW          146    .bss                c_p.l(libspace.o)
    0x20200060        -       0x00000400   Zero   RW            5    .bss.OLED_GRAPH_ARR  main.o
    0x20200460        -       0x00000400   Zero   RW            4    .bss.OLED_TEXT_ARR  main.o
    0x20200860        -       0x00000200   Zero   RW           18    HEAP                startup_mspm0g350x_uvision.o
    0x20200a60        -       0x00000200   Zero   RW           17    STACK               startup_mspm0g350x_uvision.o



  Load Region LR_BCR (Base: 0x41c00000, Size: 0x00000000, Max: 0x00000100, ABSOLUTE)

    Execution Region BCR_CONFIG (Exec base: 0x41c00000, Load base: 0x41c00000, Size: 0x00000000, Max: 0x00000080, ABSOLUTE)

    **** No section assigned to this execution region ****



  Load Region LR_BSL (Base: 0x41c00100, Size: 0x00000000, Max: 0x00000100, ABSOLUTE)

    Execution Region BSL_CONFIG (Exec base: 0x41c00100, Load base: 0x41c00100, Size: 0x00000000, Max: 0x00000080, ABSOLUTE)

    **** No section assigned to this execution region ****


==============================================================================

Image component sizes


      Code (inc. data)   RO Data    RW Data    ZI Data      Debug   Object Name

       196         36          0          0          0       5120   i2c.o
       128         56          0          0       2048        928   main.o
       872        120       1520          0          0       4249   oled.o
        48         22        192          0       1024        784   startup_mspm0g350x_uvision.o

    ----------------------------------------------------------------------
      1248        234       1728          0       3072      11081   Object Totals
         0          0         16          0          0          0   (incl. Generated)
         4          0          0          0          0          0   (incl. Padding)

    ----------------------------------------------------------------------

      Code (inc. data)   RO Data    RW Data    ZI Data      Debug   Library Member Name

         8          0          0          0          0         68   __main.o
         0          0          0          0          0          0   __rtentry.o
        12          0          0          0          0          0   __rtentry2.o
         6          0          0          0          0          0   __rtentry4.o
        60          8          0          0          0          0   __scatter.o
        28          0          0          0          0          0   __scatter_zi.o
        16          0          0          0          0         68   exit.o
         6          0          0          0          0        136   heapauxi.o
         0          0          0          0          0          0   indicate_semi.o
         2          0          0          0          0          0   libinit.o
         2          0          0          0          0          0   libinit2.o
         2          0          0          0          0          0   libshutdown.o
         2          0          0          0          0          0   libshutdown2.o
         8          4          0          0         96         68   libspace.o
        64          0          0          0          0        108   rt_memclr.o
         2          0          0          0          0          0   rtexit.o
        10          0          0          0          0          0   rtexit2.o
        68          6          0          0          0         72   strlen.o
        12          4          0          0          0         60   sys_exit.o
        62          0          0          0          0         80   sys_stackheap_outer.o
         2          0          0          0          0         68   use_no_semi.o
        46          0          0          0          0         60   cmpret.o
       856         20          0          0          0        208   daddsub.o
       144          4          0          0          0         76   dcmpin.o
      1096         26        128          0          0        112   ddiv.o
        72          4          0          0          0         68   dfixui.o
        88          0          0          0          0         92   dflti.o
       584         26          0          0          0         84   dmul.o
        20          6          0          0          0         68   dnan2.o
       104          4          0          0          0        104   drlef.o
        94          0          0          0          0         68   retnan.o
         0          0          0          0          0          0   usenofp.o
       200         20          0          0          0         76   floor.o

    ----------------------------------------------------------------------
      3688        136        128          0         96       1744   Library Totals
        12          4          0          0          0          0   (incl. Padding)

    ----------------------------------------------------------------------

      Code (inc. data)   RO Data    RW Data    ZI Data      Debug   Library Name

       372         22          0          0         96        728   c_p.l
      3104         90        128          0          0        940   fz_ps.l
       200         20          0          0          0         76   m_ps.l

    ----------------------------------------------------------------------
      3688        136        128          0         96       1744   Library Totals

    ----------------------------------------------------------------------

==============================================================================


      Code (inc. data)   RO Data    RW Data    ZI Data      Debug   

      4936        370       1856          0       3168      12053   Grand Totals
      4936        370       1856          0       3168      12053   ELF Image Totals
      4936        370       1856          0          0          0   ROM Totals

==============================================================================

    Total RO  Size (Code + RO Data)                 6792 (   6.63kB)
    Total RW  Size (RW Data + ZI Data)              3168 (   3.09kB)
    Total ROM Size (Code + RO Data + RW Data)       6792 (   6.63kB)

==============================================================================

