Component: ARM Compiler 6.7 Tool: armlink [5c9ef700]

==============================================================================

Section Cross References

    startup_mspm0g350x_uvision.o(STACK) refers (Special) to heapauxi.o(.text) for __use_two_region_memory
    startup_mspm0g350x_uvision.o(HEAP) refers (Special) to heapauxi.o(.text) for __use_two_region_memory
    startup_mspm0g350x_uvision.o(RESET) refers (Special) to heapauxi.o(.text) for __use_two_region_memory
    startup_mspm0g350x_uvision.o(RESET) refers to startup_mspm0g350x_uvision.o(STACK) for __initial_sp
    startup_mspm0g350x_uvision.o(RESET) refers to startup_mspm0g350x_uvision.o(.text) for Reset_Handler
    startup_mspm0g350x_uvision.o(RESET) refers to main.o(.text.GROUP1_IRQHandler) for GROUP1_IRQHandler
    startup_mspm0g350x_uvision.o(RESET) refers to main.o(.text.TIMG0_IRQHandler) for TIMG0_IRQHandler
    startup_mspm0g350x_uvision.o(RESET) refers to main.o(.text.TIMG6_IRQHandler) for TIMG6_IRQHandler
    startup_mspm0g350x_uvision.o(RESET) refers to main.o(.text.TIMG12_IRQHandler) for TIMG12_IRQHandler
    startup_mspm0g350x_uvision.o(.text) refers (Special) to heapauxi.o(.text) for __use_two_region_memory
    startup_mspm0g350x_uvision.o(.text) refers to __main.o(!!!main) for __main
    startup_mspm0g350x_uvision.o(.text) refers to startup_mspm0g350x_uvision.o(HEAP) for Heap_Mem
    startup_mspm0g350x_uvision.o(.text) refers to startup_mspm0g350x_uvision.o(STACK) for Stack_Mem
    main.o(.text.hex_to_dec) refers to aeabi_sdiv.o(.text) for __aeabi_uidivmod
    main.o(.ARM.exidx.text.hex_to_dec) refers to main.o(.text.hex_to_dec) for [Anonymous Symbol]
    main.o(.text.main) refers to switches.o(.text.S1_init_interrupt) for S1_init_interrupt
    main.o(.text.main) refers to switches.o(.text.S2_init_interrupt) for S2_init_interrupt
    main.o(.text.main) refers to timers.o(.text.TIMG6_init) for TIMG6_init
    main.o(.text.main) refers to leds.o(.text.LED1_init) for LED1_init
    main.o(.text.main) refers to leds.o(.text.LED2_init) for LED2_init
    main.o(.text.main) refers to uart.o(.text.UART0_init) for UART0_init
    main.o(.text.main) refers to timers.o(.text.TIMG12_init) for TIMG12_init
    main.o(.text.main) refers to leds.o(.text.LED1_set) for LED1_set
    main.o(.text.main) refers to leds.o(.text.LED2_set) for LED2_set
    main.o(.text.main) refers to main.o(.text.hex_to_dec) for hex_to_dec
    main.o(.text.main) refers to uart.o(.text.UART0_put) for UART0_put
    main.o(.text.main) refers to main.o(.data..L_MergedGlobals) for [Anonymous Symbol]
    main.o(.ARM.exidx.text.main) refers to main.o(.text.main) for [Anonymous Symbol]
    main.o(.ARM.exidx.text.TIMG0_IRQHandler) refers to main.o(.text.TIMG0_IRQHandler) for [Anonymous Symbol]
    main.o(.text.TIMG6_IRQHandler) refers to leds.o(.text.LED1_toggle) for LED1_toggle
    main.o(.text.TIMG6_IRQHandler) refers to leds.o(.text.LED1_set) for LED1_set
    main.o(.text.TIMG6_IRQHandler) refers to main.o(.data..L_MergedGlobals) for [Anonymous Symbol]
    main.o(.ARM.exidx.text.TIMG6_IRQHandler) refers to main.o(.text.TIMG6_IRQHandler) for [Anonymous Symbol]
    main.o(.text.TIMG12_IRQHandler) refers to aeabi_sdiv.o(.text) for __aeabi_uidivmod
    main.o(.text.TIMG12_IRQHandler) refers to main.o(.data..L_MergedGlobals) for [Anonymous Symbol]
    main.o(.ARM.exidx.text.TIMG12_IRQHandler) refers to main.o(.text.TIMG12_IRQHandler) for [Anonymous Symbol]
    main.o(.text.GROUP1_IRQHandler) refers to leds.o(.text.LED1_set) for LED1_set
    main.o(.text.GROUP1_IRQHandler) refers to main.o(.text.hex_to_dec) for hex_to_dec
    main.o(.text.GROUP1_IRQHandler) refers to uart.o(.text.UART0_put) for UART0_put
    main.o(.text.GROUP1_IRQHandler) refers to main.o(.data..L_MergedGlobals) for [Anonymous Symbol]
    main.o(.ARM.exidx.text.GROUP1_IRQHandler) refers to main.o(.text.GROUP1_IRQHandler) for [Anonymous Symbol]
    adc12.o(.ARM.exidx.text.ADC0_init) refers to adc12.o(.text.ADC0_init) for [Anonymous Symbol]
    adc12.o(.ARM.exidx.text.ADC0_getVal) refers to adc12.o(.text.ADC0_getVal) for [Anonymous Symbol]
    camera.o(.ARM.exidx.text.Camera_init) refers to camera.o(.text.Camera_init) for [Anonymous Symbol]
    camera.o(.ARM.exidx.text.Camera_isDataReady) refers to camera.o(.text.Camera_isDataReady) for [Anonymous Symbol]
    camera.o(.ARM.exidx.text.Camera_getData) refers to camera.o(.text.Camera_getData) for [Anonymous Symbol]
    switches.o(.ARM.exidx.text.S1_init) refers to switches.o(.text.S1_init) for [Anonymous Symbol]
    switches.o(.ARM.exidx.text.S2_init) refers to switches.o(.text.S2_init) for [Anonymous Symbol]
    switches.o(.ARM.exidx.text.S1_pressed) refers to switches.o(.text.S1_pressed) for [Anonymous Symbol]
    switches.o(.ARM.exidx.text.S2_pressed) refers to switches.o(.text.S2_pressed) for [Anonymous Symbol]
    switches.o(.ARM.exidx.text.S1_init_interrupt) refers to switches.o(.text.S1_init_interrupt) for [Anonymous Symbol]
    switches.o(.ARM.exidx.text.S2_init_interrupt) refers to switches.o(.text.S2_init_interrupt) for [Anonymous Symbol]
    timers.o(.ARM.exidx.text.TIMG_power) refers to timers.o(.text.TIMG_power) for [Anonymous Symbol]
    timers.o(.ARM.exidx.text.TIMG0_init) refers to timers.o(.text.TIMG0_init) for [Anonymous Symbol]
    timers.o(.ARM.exidx.text.TIMG6_init) refers to timers.o(.text.TIMG6_init) for [Anonymous Symbol]
    timers.o(.ARM.exidx.text.TIMG12_init) refers to timers.o(.text.TIMG12_init) for [Anonymous Symbol]
    leds.o(.ARM.exidx.text.LED1_init) refers to leds.o(.text.LED1_init) for [Anonymous Symbol]
    leds.o(.ARM.exidx.text.LED2_init) refers to leds.o(.text.LED2_init) for [Anonymous Symbol]
    leds.o(.ARM.exidx.text.LED1_set) refers to leds.o(.text.LED1_set) for [Anonymous Symbol]
    leds.o(.ARM.exidx.text.LED1_toggle) refers to leds.o(.text.LED1_toggle) for [Anonymous Symbol]
    leds.o(.ARM.exidx.text.LED2_set) refers to leds.o(.text.LED2_set) for [Anonymous Symbol]
    uart.o(.ARM.exidx.text.UART0_init) refers to uart.o(.text.UART0_init) for [Anonymous Symbol]
    uart.o(.ARM.exidx.text.UART0_putchar) refers to uart.o(.text.UART0_putchar) for [Anonymous Symbol]
    uart.o(.ARM.exidx.text.UART0_getchar) refers to uart.o(.text.UART0_getchar) for [Anonymous Symbol]
    uart.o(.ARM.exidx.text.UART0_dataAvailable) refers to uart.o(.text.UART0_dataAvailable) for [Anonymous Symbol]
    uart.o(.ARM.exidx.text.UART0_put) refers to uart.o(.text.UART0_put) for [Anonymous Symbol]
    uart.o(.ARM.exidx.text.UART1_init) refers to uart.o(.text.UART1_init) for [Anonymous Symbol]
    uart.o(.ARM.exidx.text.UART1_putchar) refers to uart.o(.text.UART1_putchar) for [Anonymous Symbol]
    uart.o(.ARM.exidx.text.UART1_getchar) refers to uart.o(.text.UART1_getchar) for [Anonymous Symbol]
    uart.o(.ARM.exidx.text.UART1_dataAvailable) refers to uart.o(.text.UART1_dataAvailable) for [Anonymous Symbol]
    uart.o(.ARM.exidx.text.UART1_put) refers to uart.o(.text.UART1_put) for [Anonymous Symbol]
    __main.o(!!!main) refers to __rtentry.o(.ARM.Collect$$rtentry$$00000000) for __rt_entry
    __rtentry.o(.ARM.Collect$$rtentry$$00000000) refers (Special) to __rtentry2.o(.ARM.Collect$$rtentry$$0000000A) for __rt_entry_li
    __rtentry.o(.ARM.Collect$$rtentry$$00000000) refers (Special) to __rtentry2.o(.ARM.Collect$$rtentry$$0000000D) for __rt_entry_main
    __rtentry.o(.ARM.Collect$$rtentry$$00000000) refers (Special) to __rtentry2.o(.ARM.Collect$$rtentry$$0000000C) for __rt_entry_postli_1
    __rtentry.o(.ARM.Collect$$rtentry$$00000000) refers (Special) to __rtentry2.o(.ARM.Collect$$rtentry$$00000009) for __rt_entry_postsh_1
    __rtentry.o(.ARM.Collect$$rtentry$$00000000) refers (Special) to __rtentry2.o(.ARM.Collect$$rtentry$$00000002) for __rt_entry_presh_1
    __rtentry.o(.ARM.Collect$$rtentry$$00000000) refers (Special) to __rtentry4.o(.ARM.Collect$$rtentry$$00000004) for __rt_entry_sh
    aeabi_idiv0_sigfpe.o(.text) refers to rt_div0.o(.text) for __rt_div0
    __rtentry2.o(.ARM.Collect$$rtentry$$00000008) refers to boardinit2.o(.text) for _platform_post_stackheap_init
    __rtentry2.o(.ARM.Collect$$rtentry$$0000000A) refers to libinit.o(.ARM.Collect$$libinit$$00000000) for __rt_lib_init
    __rtentry2.o(.ARM.Collect$$rtentry$$0000000B) refers to boardinit3.o(.text) for _platform_post_lib_init
    __rtentry2.o(.ARM.Collect$$rtentry$$0000000D) refers to main.o(.text.main) for main
    __rtentry2.o(.ARM.Collect$$rtentry$$0000000D) refers to exit.o(.text) for exit
    __rtentry2.o(.ARM.exidx) refers to __rtentry2.o(.ARM.Collect$$rtentry$$00000001) for .ARM.Collect$$rtentry$$00000001
    __rtentry2.o(.ARM.exidx) refers to __rtentry2.o(.ARM.Collect$$rtentry$$00000008) for .ARM.Collect$$rtentry$$00000008
    __rtentry2.o(.ARM.exidx) refers to __rtentry2.o(.ARM.Collect$$rtentry$$0000000A) for .ARM.Collect$$rtentry$$0000000A
    __rtentry2.o(.ARM.exidx) refers to __rtentry2.o(.ARM.Collect$$rtentry$$0000000B) for .ARM.Collect$$rtentry$$0000000B
    __rtentry2.o(.ARM.exidx) refers to __rtentry2.o(.ARM.Collect$$rtentry$$0000000D) for .ARM.Collect$$rtentry$$0000000D
    __rtentry4.o(.ARM.Collect$$rtentry$$00000004) refers to sys_stackheap_outer.o(.text) for __user_setup_stackheap
    __rtentry4.o(.ARM.exidx) refers to __rtentry4.o(.ARM.Collect$$rtentry$$00000004) for .ARM.Collect$$rtentry$$00000004
    rt_div0.o(.text) refers to defsig_fpe_outer.o(.text) for __rt_SIGFPE
    sys_stackheap_outer.o(.text) refers to libspace.o(.text) for __user_perproc_libspace
    sys_stackheap_outer.o(.text) refers to startup_mspm0g350x_uvision.o(.text) for __user_initial_stackheap
    sys_stackheap_outer.o(__vectab_stack_and_reset_area) refers to tempstk.o(.text) for __temporary_stack_top
    sys_stackheap_outer.o(__vectab_stack_and_reset_area) refers to __main.o(!!!main) for __main
    exit.o(.text) refers to rtexit.o(.ARM.Collect$$rtexit$$00000000) for __rt_exit
    defsig_fpe_outer.o(.text) refers to defsig_fpe_inner.o(.text) for __rt_SIGFPE_inner
    defsig_fpe_outer.o(.text) refers to defsig_exit.o(.text) for __sig_exit
    defsig_fpe_formal.o(.text) refers to rt_raise.o(.text) for __rt_raise
    libinit.o(.ARM.Collect$$libinit$$00000000) refers (Special) to libinit2.o(.ARM.Collect$$libinit$$0000002E) for __rt_lib_init_alloca_1
    libinit.o(.ARM.Collect$$libinit$$00000000) refers (Special) to libinit2.o(.ARM.Collect$$libinit$$0000002C) for __rt_lib_init_argv_1
    libinit.o(.ARM.Collect$$libinit$$00000000) refers (Special) to libinit2.o(.ARM.Collect$$libinit$$0000001B) for __rt_lib_init_atexit_1
    libinit.o(.ARM.Collect$$libinit$$00000000) refers (Special) to libinit2.o(.ARM.Collect$$libinit$$00000021) for __rt_lib_init_clock_1
    libinit.o(.ARM.Collect$$libinit$$00000000) refers (Special) to libinit2.o(.ARM.Collect$$libinit$$00000032) for __rt_lib_init_cpp_1
    libinit.o(.ARM.Collect$$libinit$$00000000) refers (Special) to libinit2.o(.ARM.Collect$$libinit$$00000030) for __rt_lib_init_exceptions_1
    libinit.o(.ARM.Collect$$libinit$$00000000) refers (Special) to libinit2.o(.ARM.Collect$$libinit$$00000002) for __rt_lib_init_fp_1
    libinit.o(.ARM.Collect$$libinit$$00000000) refers (Special) to libinit2.o(.ARM.Collect$$libinit$$0000001F) for __rt_lib_init_fp_trap_1
    libinit.o(.ARM.Collect$$libinit$$00000000) refers (Special) to libinit2.o(.ARM.Collect$$libinit$$00000023) for __rt_lib_init_getenv_1
    libinit.o(.ARM.Collect$$libinit$$00000000) refers (Special) to libinit2.o(.ARM.Collect$$libinit$$0000000A) for __rt_lib_init_heap_1
    libinit.o(.ARM.Collect$$libinit$$00000000) refers (Special) to libinit2.o(.ARM.Collect$$libinit$$00000011) for __rt_lib_init_lc_collate_1
    libinit.o(.ARM.Collect$$libinit$$00000000) refers (Special) to libinit2.o(.ARM.Collect$$libinit$$00000013) for __rt_lib_init_lc_ctype_1
    libinit.o(.ARM.Collect$$libinit$$00000000) refers (Special) to libinit2.o(.ARM.Collect$$libinit$$00000015) for __rt_lib_init_lc_monetary_1
    libinit.o(.ARM.Collect$$libinit$$00000000) refers (Special) to libinit2.o(.ARM.Collect$$libinit$$00000017) for __rt_lib_init_lc_numeric_1
    libinit.o(.ARM.Collect$$libinit$$00000000) refers (Special) to libinit2.o(.ARM.Collect$$libinit$$00000019) for __rt_lib_init_lc_time_1
    libinit.o(.ARM.Collect$$libinit$$00000000) refers (Special) to libinit2.o(.ARM.Collect$$libinit$$00000004) for __rt_lib_init_preinit_1
    libinit.o(.ARM.Collect$$libinit$$00000000) refers (Special) to libinit2.o(.ARM.Collect$$libinit$$0000000E) for __rt_lib_init_rand_1
    libinit.o(.ARM.Collect$$libinit$$00000000) refers (Special) to libinit2.o(.ARM.Collect$$libinit$$00000033) for __rt_lib_init_return
    libinit.o(.ARM.Collect$$libinit$$00000000) refers (Special) to libinit2.o(.ARM.Collect$$libinit$$0000001D) for __rt_lib_init_signal_1
    libinit.o(.ARM.Collect$$libinit$$00000000) refers (Special) to libinit2.o(.ARM.Collect$$libinit$$00000025) for __rt_lib_init_stdio_1
    libinit.o(.ARM.Collect$$libinit$$00000000) refers (Special) to libinit2.o(.ARM.Collect$$libinit$$0000000C) for __rt_lib_init_user_alloc_1
    libspace.o(.text) refers to libspace.o(.bss) for __libspace_start
    rtexit.o(.ARM.Collect$$rtexit$$00000000) refers (Special) to rtexit2.o(.ARM.Collect$$rtexit$$00000004) for __rt_exit_exit
    rtexit.o(.ARM.Collect$$rtexit$$00000000) refers (Special) to rtexit2.o(.ARM.Collect$$rtexit$$00000003) for __rt_exit_ls
    rtexit.o(.ARM.Collect$$rtexit$$00000000) refers (Special) to rtexit2.o(.ARM.Collect$$rtexit$$00000002) for __rt_exit_prels_1
    rtexit.o(.ARM.exidx) refers (Special) to rtexit2.o(.ARM.Collect$$rtexit$$00000004) for __rt_exit_exit
    rtexit.o(.ARM.exidx) refers (Special) to rtexit2.o(.ARM.Collect$$rtexit$$00000003) for __rt_exit_ls
    rtexit.o(.ARM.exidx) refers (Special) to rtexit2.o(.ARM.Collect$$rtexit$$00000002) for __rt_exit_prels_1
    rtexit.o(.ARM.exidx) refers to rtexit.o(.ARM.Collect$$rtexit$$00000000) for .ARM.Collect$$rtexit$$00000000
    rt_raise.o(.text) refers to __raise.o(.text) for __raise
    rt_raise.o(.text) refers to sys_exit.o(.text) for _sys_exit
    defsig_exit.o(.text) refers to sys_exit.o(.text) for _sys_exit
    defsig_fpe_inner.o(.text) refers to defsig_general.o(.text) for __default_signal_display
    libinit2.o(.ARM.Collect$$libinit$$00000010) refers to libinit2.o(.ARM.Collect$$libinit$$0000000F) for .ARM.Collect$$libinit$$0000000F
    libinit2.o(.ARM.Collect$$libinit$$00000012) refers to libinit2.o(.ARM.Collect$$libinit$$0000000F) for .ARM.Collect$$libinit$$0000000F
    libinit2.o(.ARM.Collect$$libinit$$00000014) refers to libinit2.o(.ARM.Collect$$libinit$$0000000F) for .ARM.Collect$$libinit$$0000000F
    libinit2.o(.ARM.Collect$$libinit$$00000016) refers to libinit2.o(.ARM.Collect$$libinit$$0000000F) for .ARM.Collect$$libinit$$0000000F
    libinit2.o(.ARM.Collect$$libinit$$00000018) refers to libinit2.o(.ARM.Collect$$libinit$$0000000F) for .ARM.Collect$$libinit$$0000000F
    libinit2.o(.ARM.Collect$$libinit$$00000026) refers to argv_veneer.o(.text) for __ARM_argv_veneer
    libinit2.o(.ARM.Collect$$libinit$$00000027) refers to argv_veneer.o(.text) for __ARM_argv_veneer
    sys_exit.o(.text) refers (Special) to use_no_semi.o(.text) for __I$use$semihosting
    sys_exit.o(.text) refers (Special) to indicate_semi.o(.text) for __semihosting_library_function
    sys_exit_hlt.o(.text) refers (Special) to use_no_semi.o(.text) for __I$use$semihosting
    sys_exit_hlt.o(.text) refers (Special) to indicate_semi.o(.text) for __semihosting_library_function
    rtexit2.o(.ARM.Collect$$rtexit$$00000003) refers to libshutdown.o(.ARM.Collect$$libshutdown$$00000000) for __rt_lib_shutdown
    rtexit2.o(.ARM.Collect$$rtexit$$00000004) refers to sys_exit.o(.text) for _sys_exit
    rtexit2.o(.ARM.exidx) refers to rtexit2.o(.ARM.Collect$$rtexit$$00000001) for .ARM.Collect$$rtexit$$00000001
    rtexit2.o(.ARM.exidx) refers to rtexit2.o(.ARM.Collect$$rtexit$$00000003) for .ARM.Collect$$rtexit$$00000003
    rtexit2.o(.ARM.exidx) refers to rtexit2.o(.ARM.Collect$$rtexit$$00000004) for .ARM.Collect$$rtexit$$00000004
    __raise.o(.text) refers to defsig.o(CL$$defsig) for __default_signal_handler
    defsig_general.o(.text) refers to sys_wrch.o(.text) for _ttywrch
    sys_wrch.o(.text) refers (Special) to use_no_semi.o(.text) for __I$use$semihosting
    sys_wrch.o(.text) refers (Special) to indicate_semi.o(.text) for __semihosting_library_function
    sys_wrch_hlt.o(.text) refers (Special) to use_no_semi.o(.text) for __I$use$semihosting
    sys_wrch_hlt.o(.text) refers (Special) to indicate_semi.o(.text) for __semihosting_library_function
    defsig.o(CL$$defsig) refers to defsig_fpe_inner.o(.text) for __rt_SIGFPE_inner
    defsig.o(CL$$defsig) refers to defsig_rtmem_inner.o(.text) for __rt_SIGRTMEM_inner
    _get_argv_nomalloc.o(.text) refers (Special) to hrguard.o(.text) for __heap_region$guard
    _get_argv_nomalloc.o(.text) refers to defsig_rtmem_outer.o(.text) for __rt_SIGRTMEM
    _get_argv_nomalloc.o(.text) refers to sys_command.o(.text) for _sys_command_string
    libshutdown.o(.ARM.Collect$$libshutdown$$00000000) refers (Special) to libshutdown2.o(.ARM.Collect$$libshutdown$$00000002) for __rt_lib_shutdown_cpp_1
    libshutdown.o(.ARM.Collect$$libshutdown$$00000000) refers (Special) to libshutdown2.o(.ARM.Collect$$libshutdown$$00000007) for __rt_lib_shutdown_fp_trap_1
    libshutdown.o(.ARM.Collect$$libshutdown$$00000000) refers (Special) to libshutdown2.o(.ARM.Collect$$libshutdown$$0000000F) for __rt_lib_shutdown_heap_1
    libshutdown.o(.ARM.Collect$$libshutdown$$00000000) refers (Special) to libshutdown2.o(.ARM.Collect$$libshutdown$$00000010) for __rt_lib_shutdown_return
    libshutdown.o(.ARM.Collect$$libshutdown$$00000000) refers (Special) to libshutdown2.o(.ARM.Collect$$libshutdown$$0000000A) for __rt_lib_shutdown_signal_1
    libshutdown.o(.ARM.Collect$$libshutdown$$00000000) refers (Special) to libshutdown2.o(.ARM.Collect$$libshutdown$$00000004) for __rt_lib_shutdown_stdio_1
    libshutdown.o(.ARM.Collect$$libshutdown$$00000000) refers (Special) to libshutdown2.o(.ARM.Collect$$libshutdown$$0000000C) for __rt_lib_shutdown_user_alloc_1
    sys_command.o(.text) refers (Special) to use_no_semi.o(.text) for __I$use$semihosting
    sys_command.o(.text) refers (Special) to indicate_semi.o(.text) for __semihosting_library_function
    sys_command_hlt.o(.text) refers (Special) to use_no_semi.o(.text) for __I$use$semihosting
    sys_command_hlt.o(.text) refers (Special) to indicate_semi.o(.text) for __semihosting_library_function
    defsig_abrt_inner.o(.text) refers to defsig_general.o(.text) for __default_signal_display
    defsig_rtred_inner.o(.text) refers to defsig_general.o(.text) for __default_signal_display
    defsig_rtmem_inner.o(.text) refers to defsig_general.o(.text) for __default_signal_display
    defsig_rtmem_outer.o(.text) refers to defsig_rtmem_inner.o(.text) for __rt_SIGRTMEM_inner
    defsig_rtmem_outer.o(.text) refers to defsig_exit.o(.text) for __sig_exit
    defsig_rtmem_formal.o(.text) refers to rt_raise.o(.text) for __rt_raise
    defsig_stak_inner.o(.text) refers to defsig_general.o(.text) for __default_signal_display
    defsig_pvfn_inner.o(.text) refers to defsig_general.o(.text) for __default_signal_display
    defsig_cppl_inner.o(.text) refers to defsig_general.o(.text) for __default_signal_display
    defsig_segv_inner.o(.text) refers to defsig_general.o(.text) for __default_signal_display
    defsig_other.o(.text) refers to defsig_general.o(.text) for __default_signal_display


==============================================================================

Removing Unused input sections from the image.

    Removing main.o(.text), (0 bytes).
    Removing main.o(.ARM.exidx.text.hex_to_dec), (8 bytes).
    Removing main.o(.ARM.exidx.text.main), (8 bytes).
    Removing main.o(.ARM.exidx.text.TIMG0_IRQHandler), (8 bytes).
    Removing main.o(.ARM.exidx.text.TIMG6_IRQHandler), (8 bytes).
    Removing main.o(.ARM.exidx.text.TIMG12_IRQHandler), (8 bytes).
    Removing main.o(.ARM.exidx.text.GROUP1_IRQHandler), (8 bytes).
    Removing main.o(.ARM.use_no_argv), (4 bytes).
    Removing adc12.o(.text), (0 bytes).
    Removing adc12.o(.text.ADC0_init), (2 bytes).
    Removing adc12.o(.ARM.exidx.text.ADC0_init), (8 bytes).
    Removing adc12.o(.text.ADC0_getVal), (4 bytes).
    Removing adc12.o(.ARM.exidx.text.ADC0_getVal), (8 bytes).
    Removing camera.o(.text), (0 bytes).
    Removing camera.o(.text.Camera_init), (2 bytes).
    Removing camera.o(.ARM.exidx.text.Camera_init), (8 bytes).
    Removing camera.o(.text.Camera_isDataReady), (4 bytes).
    Removing camera.o(.ARM.exidx.text.Camera_isDataReady), (8 bytes).
    Removing camera.o(.text.Camera_getData), (4 bytes).
    Removing camera.o(.ARM.exidx.text.Camera_getData), (8 bytes).
    Removing switches.o(.text), (0 bytes).
    Removing switches.o(.text.S1_init), (64 bytes).
    Removing switches.o(.ARM.exidx.text.S1_init), (8 bytes).
    Removing switches.o(.text.S2_init), (64 bytes).
    Removing switches.o(.ARM.exidx.text.S2_init), (8 bytes).
    Removing switches.o(.text.S1_pressed), (16 bytes).
    Removing switches.o(.ARM.exidx.text.S1_pressed), (8 bytes).
    Removing switches.o(.text.S2_pressed), (16 bytes).
    Removing switches.o(.ARM.exidx.text.S2_pressed), (8 bytes).
    Removing switches.o(.ARM.exidx.text.S1_init_interrupt), (8 bytes).
    Removing switches.o(.ARM.exidx.text.S2_init_interrupt), (8 bytes).
    Removing timers.o(.text), (0 bytes).
    Removing timers.o(.text.TIMG_power), (36 bytes).
    Removing timers.o(.ARM.exidx.text.TIMG_power), (8 bytes).
    Removing timers.o(.text.TIMG0_init), (120 bytes).
    Removing timers.o(.ARM.exidx.text.TIMG0_init), (8 bytes).
    Removing timers.o(.ARM.exidx.text.TIMG6_init), (8 bytes).
    Removing timers.o(.ARM.exidx.text.TIMG12_init), (8 bytes).
    Removing leds.o(.text), (0 bytes).
    Removing leds.o(.ARM.exidx.text.LED1_init), (8 bytes).
    Removing leds.o(.ARM.exidx.text.LED2_init), (8 bytes).
    Removing leds.o(.ARM.exidx.text.LED1_set), (8 bytes).
    Removing leds.o(.ARM.exidx.text.LED1_toggle), (8 bytes).
    Removing leds.o(.ARM.exidx.text.LED2_set), (8 bytes).
    Removing uart.o(.text), (0 bytes).
    Removing uart.o(.ARM.exidx.text.UART0_init), (8 bytes).
    Removing uart.o(.text.UART0_putchar), (20 bytes).
    Removing uart.o(.ARM.exidx.text.UART0_putchar), (8 bytes).
    Removing uart.o(.text.UART0_getchar), (20 bytes).
    Removing uart.o(.ARM.exidx.text.UART0_getchar), (8 bytes).
    Removing uart.o(.text.UART0_dataAvailable), (16 bytes).
    Removing uart.o(.ARM.exidx.text.UART0_dataAvailable), (8 bytes).
    Removing uart.o(.ARM.exidx.text.UART0_put), (8 bytes).
    Removing uart.o(.text.UART1_init), (156 bytes).
    Removing uart.o(.ARM.exidx.text.UART1_init), (8 bytes).
    Removing uart.o(.text.UART1_putchar), (20 bytes).
    Removing uart.o(.ARM.exidx.text.UART1_putchar), (8 bytes).
    Removing uart.o(.text.UART1_getchar), (20 bytes).
    Removing uart.o(.ARM.exidx.text.UART1_getchar), (8 bytes).
    Removing uart.o(.text.UART1_dataAvailable), (16 bytes).
    Removing uart.o(.ARM.exidx.text.UART1_dataAvailable), (8 bytes).
    Removing uart.o(.text.UART1_put), (36 bytes).
    Removing uart.o(.ARM.exidx.text.UART1_put), (8 bytes).

63 unused section(s) (total 928 bytes) removed from the image.

==============================================================================

Image Symbol Table

    Local Symbols

    Symbol Name                              Value     Ov Type        Size  Object(Section)

    RESET                                    0x00000000   Section      192  startup_mspm0g350x_uvision.o(RESET)
    ../../lib/lab1/leds.c                    0x00000000   Number         0  leds.o ABSOLUTE
    ../../lib/lab2/uart.c                    0x00000000   Number         0  uart.o ABSOLUTE
    ../../lib/lab5/adc12.c                   0x00000000   Number         0  adc12.o ABSOLUTE
    ../../lib/lab5/camera.c                  0x00000000   Number         0  camera.o ABSOLUTE
    ../../lib/lab5/main.c                    0x00000000   Number         0  main.o ABSOLUTE
    ../../lib/lab5/switches.c                0x00000000   Number         0  switches.o ABSOLUTE
    ../../lib/lab5/timers.c                  0x00000000   Number         0  timers.o ABSOLUTE
    ../clib/angel/boardlib.s                 0x00000000   Number         0  boardinit3.o ABSOLUTE
    ../clib/angel/boardlib.s                 0x00000000   Number         0  boardinit2.o ABSOLUTE
    ../clib/angel/boardlib.s                 0x00000000   Number         0  boardshut.o ABSOLUTE
    ../clib/angel/boardlib.s                 0x00000000   Number         0  boardinit1.o ABSOLUTE
    ../clib/angel/handlers.s                 0x00000000   Number         0  __scatter_copy.o ABSOLUTE
    ../clib/angel/handlers.s                 0x00000000   Number         0  __scatter_zi.o ABSOLUTE
    ../clib/angel/kernel.s                   0x00000000   Number         0  rtexit.o ABSOLUTE
    ../clib/angel/kernel.s                   0x00000000   Number         0  __rtentry2.o ABSOLUTE
    ../clib/angel/kernel.s                   0x00000000   Number         0  rtexit2.o ABSOLUTE
    ../clib/angel/kernel.s                   0x00000000   Number         0  __rtentry4.o ABSOLUTE
    ../clib/angel/kernel.s                   0x00000000   Number         0  __rtentry.o ABSOLUTE
    ../clib/angel/rt.s                       0x00000000   Number         0  aeabi_idiv0_sigfpe.o ABSOLUTE
    ../clib/angel/rt.s                       0x00000000   Number         0  rt_div0.o ABSOLUTE
    ../clib/angel/rt.s                       0x00000000   Number         0  rt_raise.o ABSOLUTE
    ../clib/angel/rt.s                       0x00000000   Number         0  aeabi_idiv0.o ABSOLUTE
    ../clib/angel/scatterp.s                 0x00000000   Number         0  __scatter.o ABSOLUTE
    ../clib/angel/startup.s                  0x00000000   Number         0  __main.o ABSOLUTE
    ../clib/angel/sys.s                      0x00000000   Number         0  indicate_semi.o ABSOLUTE
    ../clib/angel/sys.s                      0x00000000   Number         0  tempstk.o ABSOLUTE
    ../clib/angel/sys.s                      0x00000000   Number         0  libspace.o ABSOLUTE
    ../clib/angel/sys.s                      0x00000000   Number         0  sys_stackheap_outer.o ABSOLUTE
    ../clib/angel/sys.s                      0x00000000   Number         0  use_no_semi.o ABSOLUTE
    ../clib/angel/sysapp.c                   0x00000000   Number         0  sys_exit.o ABSOLUTE
    ../clib/angel/sysapp.c                   0x00000000   Number         0  sys_wrch.o ABSOLUTE
    ../clib/angel/sysapp.c                   0x00000000   Number         0  sys_command_hlt.o ABSOLUTE
    ../clib/angel/sysapp.c                   0x00000000   Number         0  sys_command.o ABSOLUTE
    ../clib/angel/sysapp.c                   0x00000000   Number         0  sys_exit_hlt.o ABSOLUTE
    ../clib/angel/sysapp.c                   0x00000000   Number         0  sys_wrch_hlt.o ABSOLUTE
    ../clib/armsys.c                         0x00000000   Number         0  no_argv.o ABSOLUTE
    ../clib/armsys.c                         0x00000000   Number         0  argv_veneer.o ABSOLUTE
    ../clib/armsys.c                         0x00000000   Number         0  _get_argv_nomalloc.o ABSOLUTE
    ../clib/division.s                       0x00000000   Number         0  aeabi_sdiv.o ABSOLUTE
    ../clib/division.s                       0x00000000   Number         0  aeabi_sdiv_div0.o ABSOLUTE
    ../clib/heapalloc.c                      0x00000000   Number         0  hrguard.o ABSOLUTE
    ../clib/heapaux.c                        0x00000000   Number         0  heapauxi.o ABSOLUTE
    ../clib/libinit.s                        0x00000000   Number         0  libinit2.o ABSOLUTE
    ../clib/libinit.s                        0x00000000   Number         0  libinit.o ABSOLUTE
    ../clib/libinit.s                        0x00000000   Number         0  libshutdown.o ABSOLUTE
    ../clib/libinit.s                        0x00000000   Number         0  libshutdown2.o ABSOLUTE
    ../clib/signal.c                         0x00000000   Number         0  defsig_fpe_inner.o ABSOLUTE
    ../clib/signal.c                         0x00000000   Number         0  defsig_exit.o ABSOLUTE
    ../clib/signal.c                         0x00000000   Number         0  defsig_abrt_inner.o ABSOLUTE
    ../clib/signal.c                         0x00000000   Number         0  defsig_rtmem_outer.o ABSOLUTE
    ../clib/signal.c                         0x00000000   Number         0  defsig_rtmem_inner.o ABSOLUTE
    ../clib/signal.c                         0x00000000   Number         0  defsig_rtred_inner.o ABSOLUTE
    ../clib/signal.c                         0x00000000   Number         0  defsig_pvfn_inner.o ABSOLUTE
    ../clib/signal.c                         0x00000000   Number         0  defsig_segv_inner.o ABSOLUTE
    ../clib/signal.c                         0x00000000   Number         0  defsig_stak_inner.o ABSOLUTE
    ../clib/signal.c                         0x00000000   Number         0  defsig_other.o ABSOLUTE
    ../clib/signal.c                         0x00000000   Number         0  defsig_fpe_outer.o ABSOLUTE
    ../clib/signal.c                         0x00000000   Number         0  defsig_fpe_formal.o ABSOLUTE
    ../clib/signal.c                         0x00000000   Number         0  defsig_rtmem_formal.o ABSOLUTE
    ../clib/signal.c                         0x00000000   Number         0  defsig_cppl_inner.o ABSOLUTE
    ../clib/signal.c                         0x00000000   Number         0  defsig_general.o ABSOLUTE
    ../clib/signal.c                         0x00000000   Number         0  __raise.o ABSOLUTE
    ../clib/signal.s                         0x00000000   Number         0  defsig.o ABSOLUTE
    ../clib/stdlib.c                         0x00000000   Number         0  exit.o ABSOLUTE
    ../fplib/cfplib/fpinit.c                 0x00000000   Number         0  fpinit.o ABSOLUTE
    ..\..\source\ti\devices\msp\m0p\startup_system_files\keil\startup_mspm0g350x_uvision.s 0x00000000   Number         0  startup_mspm0g350x_uvision.o ABSOLUTE
    dc.s                                     0x00000000   Number         0  dc.o ABSOLUTE
    !!!main                                  0x000000c0   Section        8  __main.o(!!!main)
    !!!scatter                               0x000000c8   Section       60  __scatter.o(!!!scatter)
    !!handler_copy                           0x00000108   Section       26  __scatter_copy.o(!!handler_copy)
    !!handler_zi                             0x00000128   Section       28  __scatter_zi.o(!!handler_zi)
    .ARM.Collect$$libinit$$00000000          0x00000144   Section        2  libinit.o(.ARM.Collect$$libinit$$00000000)
    .ARM.Collect$$libinit$$00000002          0x00000146   Section        0  libinit2.o(.ARM.Collect$$libinit$$00000002)
    .ARM.Collect$$libinit$$00000004          0x00000146   Section        0  libinit2.o(.ARM.Collect$$libinit$$00000004)
    .ARM.Collect$$libinit$$0000000A          0x00000146   Section        0  libinit2.o(.ARM.Collect$$libinit$$0000000A)
    .ARM.Collect$$libinit$$0000000C          0x00000146   Section        0  libinit2.o(.ARM.Collect$$libinit$$0000000C)
    .ARM.Collect$$libinit$$0000000E          0x00000146   Section        0  libinit2.o(.ARM.Collect$$libinit$$0000000E)
    .ARM.Collect$$libinit$$00000011          0x00000146   Section        0  libinit2.o(.ARM.Collect$$libinit$$00000011)
    .ARM.Collect$$libinit$$00000013          0x00000146   Section        0  libinit2.o(.ARM.Collect$$libinit$$00000013)
    .ARM.Collect$$libinit$$00000015          0x00000146   Section        0  libinit2.o(.ARM.Collect$$libinit$$00000015)
    .ARM.Collect$$libinit$$00000017          0x00000146   Section        0  libinit2.o(.ARM.Collect$$libinit$$00000017)
    .ARM.Collect$$libinit$$00000019          0x00000146   Section        0  libinit2.o(.ARM.Collect$$libinit$$00000019)
    .ARM.Collect$$libinit$$0000001B          0x00000146   Section        0  libinit2.o(.ARM.Collect$$libinit$$0000001B)
    .ARM.Collect$$libinit$$0000001D          0x00000146   Section        0  libinit2.o(.ARM.Collect$$libinit$$0000001D)
    .ARM.Collect$$libinit$$0000001F          0x00000146   Section        0  libinit2.o(.ARM.Collect$$libinit$$0000001F)
    .ARM.Collect$$libinit$$00000021          0x00000146   Section        0  libinit2.o(.ARM.Collect$$libinit$$00000021)
    .ARM.Collect$$libinit$$00000023          0x00000146   Section        0  libinit2.o(.ARM.Collect$$libinit$$00000023)
    .ARM.Collect$$libinit$$00000025          0x00000146   Section        0  libinit2.o(.ARM.Collect$$libinit$$00000025)
    .ARM.Collect$$libinit$$0000002C          0x00000146   Section        0  libinit2.o(.ARM.Collect$$libinit$$0000002C)
    .ARM.Collect$$libinit$$0000002E          0x00000146   Section        0  libinit2.o(.ARM.Collect$$libinit$$0000002E)
    .ARM.Collect$$libinit$$00000030          0x00000146   Section        0  libinit2.o(.ARM.Collect$$libinit$$00000030)
    .ARM.Collect$$libinit$$00000032          0x00000146   Section        0  libinit2.o(.ARM.Collect$$libinit$$00000032)
    .ARM.Collect$$libinit$$00000033          0x00000146   Section        2  libinit2.o(.ARM.Collect$$libinit$$00000033)
    .ARM.Collect$$libshutdown$$00000000      0x00000148   Section        2  libshutdown.o(.ARM.Collect$$libshutdown$$00000000)
    .ARM.Collect$$libshutdown$$00000002      0x0000014a   Section        0  libshutdown2.o(.ARM.Collect$$libshutdown$$00000002)
    .ARM.Collect$$libshutdown$$00000004      0x0000014a   Section        0  libshutdown2.o(.ARM.Collect$$libshutdown$$00000004)
    .ARM.Collect$$libshutdown$$00000007      0x0000014a   Section        0  libshutdown2.o(.ARM.Collect$$libshutdown$$00000007)
    .ARM.Collect$$libshutdown$$0000000A      0x0000014a   Section        0  libshutdown2.o(.ARM.Collect$$libshutdown$$0000000A)
    .ARM.Collect$$libshutdown$$0000000C      0x0000014a   Section        0  libshutdown2.o(.ARM.Collect$$libshutdown$$0000000C)
    .ARM.Collect$$libshutdown$$0000000F      0x0000014a   Section        0  libshutdown2.o(.ARM.Collect$$libshutdown$$0000000F)
    .ARM.Collect$$libshutdown$$00000010      0x0000014a   Section        2  libshutdown2.o(.ARM.Collect$$libshutdown$$00000010)
    .ARM.Collect$$rtentry$$00000000          0x0000014c   Section        0  __rtentry.o(.ARM.Collect$$rtentry$$00000000)
    .ARM.Collect$$rtentry$$00000002          0x0000014c   Section        0  __rtentry2.o(.ARM.Collect$$rtentry$$00000002)
    .ARM.Collect$$rtentry$$00000004          0x0000014c   Section        6  __rtentry4.o(.ARM.Collect$$rtentry$$00000004)
    .ARM.Collect$$rtentry$$00000009          0x00000152   Section        0  __rtentry2.o(.ARM.Collect$$rtentry$$00000009)
    .ARM.Collect$$rtentry$$0000000A          0x00000152   Section        4  __rtentry2.o(.ARM.Collect$$rtentry$$0000000A)
    .ARM.Collect$$rtentry$$0000000C          0x00000156   Section        0  __rtentry2.o(.ARM.Collect$$rtentry$$0000000C)
    .ARM.Collect$$rtentry$$0000000D          0x00000156   Section        8  __rtentry2.o(.ARM.Collect$$rtentry$$0000000D)
    .ARM.Collect$$rtexit$$00000000           0x0000015e   Section        2  rtexit.o(.ARM.Collect$$rtexit$$00000000)
    .ARM.Collect$$rtexit$$00000002           0x00000160   Section        0  rtexit2.o(.ARM.Collect$$rtexit$$00000002)
    .ARM.Collect$$rtexit$$00000003           0x00000160   Section        4  rtexit2.o(.ARM.Collect$$rtexit$$00000003)
    .ARM.Collect$$rtexit$$00000004           0x00000164   Section        6  rtexit2.o(.ARM.Collect$$rtexit$$00000004)
    .text                                    0x0000016c   Section       48  startup_mspm0g350x_uvision.o(.text)
    .text                                    0x0000019c   Section      346  aeabi_sdiv.o(.text)
    .text                                    0x000002f6   Section        0  heapauxi.o(.text)
    .text                                    0x000002fc   Section       62  sys_stackheap_outer.o(.text)
    .text                                    0x0000033a   Section        0  exit.o(.text)
    .text                                    0x0000034c   Section        8  libspace.o(.text)
    .text                                    0x00000354   Section        0  sys_exit.o(.text)
    .text                                    0x00000360   Section        2  use_no_semi.o(.text)
    .text                                    0x00000362   Section        0  indicate_semi.o(.text)
    [Anonymous Symbol]                       0x00000364   Section        0  main.o(.text.GROUP1_IRQHandler)
    __arm_cp.5_0                             0x00000400   Number         4  main.o(.text.GROUP1_IRQHandler)
    __arm_cp.5_1                             0x00000404   Number         4  main.o(.text.GROUP1_IRQHandler)
    __arm_cp.5_2                             0x00000408   Number         4  main.o(.text.GROUP1_IRQHandler)
    __arm_cp.5_3                             0x0000040c   Number         4  main.o(.text.GROUP1_IRQHandler)
    __arm_cp.5_7                             0x00000440   Number         4  main.o(.text.GROUP1_IRQHandler)
    [Anonymous Symbol]                       0x00000480   Section        0  leds.o(.text.LED1_init)
    __arm_cp.0_3                             0x000004b8   Number         4  leds.o(.text.LED1_init)
    __arm_cp.0_4                             0x000004bc   Number         4  leds.o(.text.LED1_init)
    [Anonymous Symbol]                       0x000004c0   Section        0  leds.o(.text.LED1_set)
    __arm_cp.2_0                             0x000004d8   Number         4  leds.o(.text.LED1_set)
    [Anonymous Symbol]                       0x000004dc   Section        0  leds.o(.text.LED1_toggle)
    __arm_cp.3_0                             0x000004e8   Number         4  leds.o(.text.LED1_toggle)
    [Anonymous Symbol]                       0x000004ec   Section        0  leds.o(.text.LED2_init)
    __arm_cp.1_3                             0x00000548   Number         4  leds.o(.text.LED2_init)
    __arm_cp.1_4                             0x0000054c   Number         4  leds.o(.text.LED2_init)
    [Anonymous Symbol]                       0x00000550   Section        0  leds.o(.text.LED2_set)
    __arm_cp.4_0                             0x00000590   Number         4  leds.o(.text.LED2_set)
    [Anonymous Symbol]                       0x00000594   Section        0  switches.o(.text.S1_init_interrupt)
    __arm_cp.4_0                             0x000005e8   Number         4  switches.o(.text.S1_init_interrupt)
    __arm_cp.4_3                             0x000005ec   Number         4  switches.o(.text.S1_init_interrupt)
    __arm_cp.4_4                             0x000005f0   Number         4  switches.o(.text.S1_init_interrupt)
    __arm_cp.4_5                             0x000005f4   Number         4  switches.o(.text.S1_init_interrupt)
    [Anonymous Symbol]                       0x000005f8   Section        0  switches.o(.text.S2_init_interrupt)
    __arm_cp.5_0                             0x0000064c   Number         4  switches.o(.text.S2_init_interrupt)
    __arm_cp.5_3                             0x00000650   Number         4  switches.o(.text.S2_init_interrupt)
    __arm_cp.5_4                             0x00000654   Number         4  switches.o(.text.S2_init_interrupt)
    __arm_cp.5_5                             0x00000658   Number         4  switches.o(.text.S2_init_interrupt)
    [Anonymous Symbol]                       0x0000065c   Section        0  main.o(.text.TIMG0_IRQHandler)
    [Anonymous Symbol]                       0x00000660   Section        0  main.o(.text.TIMG12_IRQHandler)
    [Anonymous Symbol]                       0x000006b0   Section        0  timers.o(.text.TIMG12_init)
    __arm_cp.3_0                             0x000006fc   Number         4  timers.o(.text.TIMG12_init)
    __arm_cp.3_3                             0x00000700   Number         4  timers.o(.text.TIMG12_init)
    __arm_cp.3_4                             0x00000704   Number         4  timers.o(.text.TIMG12_init)
    __arm_cp.3_5                             0x00000708   Number         4  timers.o(.text.TIMG12_init)
    [Anonymous Symbol]                       0x0000070c   Section        0  main.o(.text.TIMG6_IRQHandler)
    [Anonymous Symbol]                       0x00000730   Section        0  timers.o(.text.TIMG6_init)
    __arm_cp.2_0                             0x00000780   Number         4  timers.o(.text.TIMG6_init)
    __arm_cp.2_1                             0x00000784   Number         4  timers.o(.text.TIMG6_init)
    __arm_cp.2_3                             0x00000788   Number         4  timers.o(.text.TIMG6_init)
    __arm_cp.2_4                             0x0000078c   Number         4  timers.o(.text.TIMG6_init)
    __arm_cp.2_5                             0x00000790   Number         4  timers.o(.text.TIMG6_init)
    __arm_cp.2_6                             0x00000794   Number         4  timers.o(.text.TIMG6_init)
    [Anonymous Symbol]                       0x00000798   Section        0  uart.o(.text.UART0_init)
    __arm_cp.0_0                             0x00000814   Number         4  uart.o(.text.UART0_init)
    __arm_cp.0_1                             0x00000818   Number         4  uart.o(.text.UART0_init)
    __arm_cp.0_2                             0x0000081c   Number         4  uart.o(.text.UART0_init)
    __arm_cp.0_3                             0x00000820   Number         4  uart.o(.text.UART0_init)
    __arm_cp.0_4                             0x00000824   Number         4  uart.o(.text.UART0_init)
    __arm_cp.0_5                             0x00000828   Number         4  uart.o(.text.UART0_init)
    __arm_cp.0_6                             0x0000082c   Number         4  uart.o(.text.UART0_init)
    __arm_cp.0_7                             0x00000830   Number         4  uart.o(.text.UART0_init)
    [Anonymous Symbol]                       0x00000834   Section        0  uart.o(.text.UART0_put)
    __arm_cp.4_0                             0x00000854   Number         4  uart.o(.text.UART0_put)
    [Anonymous Symbol]                       0x00000858   Section        0  main.o(.text.hex_to_dec)
    [Anonymous Symbol]                       0x000008ac   Section        0  main.o(.text.main)
    __arm_cp.1_1                             0x00000954   Number         4  main.o(.text.main)
    __arm_cp.1_4                             0x0000097c   Number         4  main.o(.text.main)
    [Anonymous Symbol]                       0x20200000   Section        0  main.o(.data..L_MergedGlobals)
    .bss                                     0x20200020   Section       96  libspace.o(.bss)
    HEAP                                     0x20200080   Section      512  startup_mspm0g350x_uvision.o(HEAP)
    Heap_Mem                                 0x20200080   Data         512  startup_mspm0g350x_uvision.o(HEAP)
    STACK                                    0x20200280   Section      512  startup_mspm0g350x_uvision.o(STACK)
    Stack_Mem                                0x20200280   Data         512  startup_mspm0g350x_uvision.o(STACK)
    __initial_sp                             0x20200480   Data           0  startup_mspm0g350x_uvision.o(STACK)

    Global Symbols

    Symbol Name                              Value     Ov Type        Size  Object(Section)

    BuildAttributes$$THM_ISAv3M$S$PE$A:L22$X:L11$S22$IEEE1$IW$~IW$USESV6$~STKCKD$USESV7$~SHL$OSPACE$ROPI$EBA8$UX$STANDARDLIB$REQ8$PRES8$EABIv2 0x00000000   Number         0  anon$$obj.o ABSOLUTE
    __Vectors                                0x00000000   Data           4  startup_mspm0g350x_uvision.o(RESET)
    __ARM_exceptions_init                     - Undefined Weak Reference
    __alloca_initialize                       - Undefined Weak Reference
    __arm_preinit_                            - Undefined Weak Reference
    __cpp_initialize__aeabi_                  - Undefined Weak Reference
    __cxa_finalize                            - Undefined Weak Reference
    __rt_locale                               - Undefined Weak Reference
    __sigvec_lookup                           - Undefined Weak Reference
    _atexit_init                              - Undefined Weak Reference
    _call_atexit_fns                          - Undefined Weak Reference
    _clock_init                               - Undefined Weak Reference
    _fp_trap_init                             - Undefined Weak Reference
    _fp_trap_shutdown                         - Undefined Weak Reference
    _get_lc_collate                           - Undefined Weak Reference
    _get_lc_ctype                             - Undefined Weak Reference
    _get_lc_monetary                          - Undefined Weak Reference
    _get_lc_numeric                           - Undefined Weak Reference
    _get_lc_time                              - Undefined Weak Reference
    _getenv_init                              - Undefined Weak Reference
    _handle_redirection                       - Undefined Weak Reference
    _init_alloc                               - Undefined Weak Reference
    _init_user_alloc                          - Undefined Weak Reference
    _initio                                   - Undefined Weak Reference
    _rand_init                                - Undefined Weak Reference
    _signal_finish                            - Undefined Weak Reference
    _signal_init                              - Undefined Weak Reference
    _terminate_alloc                          - Undefined Weak Reference
    _terminate_user_alloc                     - Undefined Weak Reference
    _terminateio                              - Undefined Weak Reference
    __Vectors_End                            0x000000c0   Data           0  startup_mspm0g350x_uvision.o(RESET)
    __Vectors_Size                           0x000000c0   Number         0  startup_mspm0g350x_uvision.o ABSOLUTE
    __main                                   0x000000c1   Thumb Code     8  __main.o(!!!main)
    __scatterload                            0x000000c9   Thumb Code     0  __scatter.o(!!!scatter)
    __scatterload_rt2                        0x000000c9   Thumb Code    52  __scatter.o(!!!scatter)
    __scatterload_rt2_thumb_only             0x000000c9   Thumb Code     0  __scatter.o(!!!scatter)
    __scatterload_null                       0x000000d9   Thumb Code     0  __scatter.o(!!!scatter)
    __scatterload_copy                       0x00000109   Thumb Code    26  __scatter_copy.o(!!handler_copy)
    __scatterload_zeroinit                   0x00000129   Thumb Code    28  __scatter_zi.o(!!handler_zi)
    __rt_lib_init                            0x00000145   Thumb Code     0  libinit.o(.ARM.Collect$$libinit$$00000000)
    __rt_lib_init_alloca_1                   0x00000147   Thumb Code     0  libinit2.o(.ARM.Collect$$libinit$$0000002E)
    __rt_lib_init_argv_1                     0x00000147   Thumb Code     0  libinit2.o(.ARM.Collect$$libinit$$0000002C)
    __rt_lib_init_atexit_1                   0x00000147   Thumb Code     0  libinit2.o(.ARM.Collect$$libinit$$0000001B)
    __rt_lib_init_clock_1                    0x00000147   Thumb Code     0  libinit2.o(.ARM.Collect$$libinit$$00000021)
    __rt_lib_init_cpp_1                      0x00000147   Thumb Code     0  libinit2.o(.ARM.Collect$$libinit$$00000032)
    __rt_lib_init_exceptions_1               0x00000147   Thumb Code     0  libinit2.o(.ARM.Collect$$libinit$$00000030)
    __rt_lib_init_fp_1                       0x00000147   Thumb Code     0  libinit2.o(.ARM.Collect$$libinit$$00000002)
    __rt_lib_init_fp_trap_1                  0x00000147   Thumb Code     0  libinit2.o(.ARM.Collect$$libinit$$0000001F)
    __rt_lib_init_getenv_1                   0x00000147   Thumb Code     0  libinit2.o(.ARM.Collect$$libinit$$00000023)
    __rt_lib_init_heap_1                     0x00000147   Thumb Code     0  libinit2.o(.ARM.Collect$$libinit$$0000000A)
    __rt_lib_init_lc_collate_1               0x00000147   Thumb Code     0  libinit2.o(.ARM.Collect$$libinit$$00000011)
    __rt_lib_init_lc_ctype_1                 0x00000147   Thumb Code     0  libinit2.o(.ARM.Collect$$libinit$$00000013)
    __rt_lib_init_lc_monetary_1              0x00000147   Thumb Code     0  libinit2.o(.ARM.Collect$$libinit$$00000015)
    __rt_lib_init_lc_numeric_1               0x00000147   Thumb Code     0  libinit2.o(.ARM.Collect$$libinit$$00000017)
    __rt_lib_init_lc_time_1                  0x00000147   Thumb Code     0  libinit2.o(.ARM.Collect$$libinit$$00000019)
    __rt_lib_init_preinit_1                  0x00000147   Thumb Code     0  libinit2.o(.ARM.Collect$$libinit$$00000004)
    __rt_lib_init_rand_1                     0x00000147   Thumb Code     0  libinit2.o(.ARM.Collect$$libinit$$0000000E)
    __rt_lib_init_return                     0x00000147   Thumb Code     0  libinit2.o(.ARM.Collect$$libinit$$00000033)
    __rt_lib_init_signal_1                   0x00000147   Thumb Code     0  libinit2.o(.ARM.Collect$$libinit$$0000001D)
    __rt_lib_init_stdio_1                    0x00000147   Thumb Code     0  libinit2.o(.ARM.Collect$$libinit$$00000025)
    __rt_lib_init_user_alloc_1               0x00000147   Thumb Code     0  libinit2.o(.ARM.Collect$$libinit$$0000000C)
    __rt_lib_shutdown                        0x00000149   Thumb Code     0  libshutdown.o(.ARM.Collect$$libshutdown$$00000000)
    __rt_lib_shutdown_cpp_1                  0x0000014b   Thumb Code     0  libshutdown2.o(.ARM.Collect$$libshutdown$$00000002)
    __rt_lib_shutdown_fp_trap_1              0x0000014b   Thumb Code     0  libshutdown2.o(.ARM.Collect$$libshutdown$$00000007)
    __rt_lib_shutdown_heap_1                 0x0000014b   Thumb Code     0  libshutdown2.o(.ARM.Collect$$libshutdown$$0000000F)
    __rt_lib_shutdown_return                 0x0000014b   Thumb Code     0  libshutdown2.o(.ARM.Collect$$libshutdown$$00000010)
    __rt_lib_shutdown_signal_1               0x0000014b   Thumb Code     0  libshutdown2.o(.ARM.Collect$$libshutdown$$0000000A)
    __rt_lib_shutdown_stdio_1                0x0000014b   Thumb Code     0  libshutdown2.o(.ARM.Collect$$libshutdown$$00000004)
    __rt_lib_shutdown_user_alloc_1           0x0000014b   Thumb Code     0  libshutdown2.o(.ARM.Collect$$libshutdown$$0000000C)
    __rt_entry                               0x0000014d   Thumb Code     0  __rtentry.o(.ARM.Collect$$rtentry$$00000000)
    __rt_entry_presh_1                       0x0000014d   Thumb Code     0  __rtentry2.o(.ARM.Collect$$rtentry$$00000002)
    __rt_entry_sh                            0x0000014d   Thumb Code     0  __rtentry4.o(.ARM.Collect$$rtentry$$00000004)
    __rt_entry_li                            0x00000153   Thumb Code     0  __rtentry2.o(.ARM.Collect$$rtentry$$0000000A)
    __rt_entry_postsh_1                      0x00000153   Thumb Code     0  __rtentry2.o(.ARM.Collect$$rtentry$$00000009)
    __rt_entry_main                          0x00000157   Thumb Code     0  __rtentry2.o(.ARM.Collect$$rtentry$$0000000D)
    __rt_entry_postli_1                      0x00000157   Thumb Code     0  __rtentry2.o(.ARM.Collect$$rtentry$$0000000C)
    __rt_exit                                0x0000015f   Thumb Code     0  rtexit.o(.ARM.Collect$$rtexit$$00000000)
    __rt_exit_ls                             0x00000161   Thumb Code     0  rtexit2.o(.ARM.Collect$$rtexit$$00000003)
    __rt_exit_prels_1                        0x00000161   Thumb Code     0  rtexit2.o(.ARM.Collect$$rtexit$$00000002)
    __rt_exit_exit                           0x00000165   Thumb Code     0  rtexit2.o(.ARM.Collect$$rtexit$$00000004)
    Reset_Handler                            0x0000016d   Thumb Code     4  startup_mspm0g350x_uvision.o(.text)
    NMI_Handler                              0x00000171   Thumb Code     2  startup_mspm0g350x_uvision.o(.text)
    HardFault_Handler                        0x00000173   Thumb Code     2  startup_mspm0g350x_uvision.o(.text)
    SVC_Handler                              0x00000175   Thumb Code     2  startup_mspm0g350x_uvision.o(.text)
    PendSV_Handler                           0x00000177   Thumb Code     2  startup_mspm0g350x_uvision.o(.text)
    SysTick_Handler                          0x00000179   Thumb Code     2  startup_mspm0g350x_uvision.o(.text)
    ADC0_IRQHandler                          0x0000017b   Thumb Code     0  startup_mspm0g350x_uvision.o(.text)
    ADC1_IRQHandler                          0x0000017b   Thumb Code     0  startup_mspm0g350x_uvision.o(.text)
    AES_IRQHandler                           0x0000017b   Thumb Code     0  startup_mspm0g350x_uvision.o(.text)
    CANFD0_IRQHandler                        0x0000017b   Thumb Code     0  startup_mspm0g350x_uvision.o(.text)
    DAC0_IRQHandler                          0x0000017b   Thumb Code     0  startup_mspm0g350x_uvision.o(.text)
    DMA_IRQHandler                           0x0000017b   Thumb Code     0  startup_mspm0g350x_uvision.o(.text)
    Default_Handler                          0x0000017b   Thumb Code     2  startup_mspm0g350x_uvision.o(.text)
    GROUP0_IRQHandler                        0x0000017b   Thumb Code     0  startup_mspm0g350x_uvision.o(.text)
    I2C0_IRQHandler                          0x0000017b   Thumb Code     0  startup_mspm0g350x_uvision.o(.text)
    I2C1_IRQHandler                          0x0000017b   Thumb Code     0  startup_mspm0g350x_uvision.o(.text)
    RTC_IRQHandler                           0x0000017b   Thumb Code     0  startup_mspm0g350x_uvision.o(.text)
    SPI0_IRQHandler                          0x0000017b   Thumb Code     0  startup_mspm0g350x_uvision.o(.text)
    SPI1_IRQHandler                          0x0000017b   Thumb Code     0  startup_mspm0g350x_uvision.o(.text)
    TIMA0_IRQHandler                         0x0000017b   Thumb Code     0  startup_mspm0g350x_uvision.o(.text)
    TIMA1_IRQHandler                         0x0000017b   Thumb Code     0  startup_mspm0g350x_uvision.o(.text)
    TIMG7_IRQHandler                         0x0000017b   Thumb Code     0  startup_mspm0g350x_uvision.o(.text)
    TIMG8_IRQHandler                         0x0000017b   Thumb Code     0  startup_mspm0g350x_uvision.o(.text)
    UART0_IRQHandler                         0x0000017b   Thumb Code     0  startup_mspm0g350x_uvision.o(.text)
    UART1_IRQHandler                         0x0000017b   Thumb Code     0  startup_mspm0g350x_uvision.o(.text)
    UART2_IRQHandler                         0x0000017b   Thumb Code     0  startup_mspm0g350x_uvision.o(.text)
    UART3_IRQHandler                         0x0000017b   Thumb Code     0  startup_mspm0g350x_uvision.o(.text)
    __user_initial_stackheap                 0x0000017d   Thumb Code    10  startup_mspm0g350x_uvision.o(.text)
    __aeabi_uidiv                            0x0000019d   Thumb Code     0  aeabi_sdiv.o(.text)
    __aeabi_uidivmod                         0x0000019d   Thumb Code    20  aeabi_sdiv.o(.text)
    __aeabi_idiv                             0x000001b1   Thumb Code     0  aeabi_sdiv.o(.text)
    __aeabi_idivmod                          0x000001b1   Thumb Code   326  aeabi_sdiv.o(.text)
    __use_two_region_memory                  0x000002f7   Thumb Code     2  heapauxi.o(.text)
    __rt_heap_escrow$2region                 0x000002f9   Thumb Code     2  heapauxi.o(.text)
    __rt_heap_expand$2region                 0x000002fb   Thumb Code     2  heapauxi.o(.text)
    __user_setup_stackheap                   0x000002fd   Thumb Code    62  sys_stackheap_outer.o(.text)
    exit                                     0x0000033b   Thumb Code    16  exit.o(.text)
    __user_libspace                          0x0000034d   Thumb Code     8  libspace.o(.text)
    __user_perproc_libspace                  0x0000034d   Thumb Code     0  libspace.o(.text)
    __user_perthread_libspace                0x0000034d   Thumb Code     0  libspace.o(.text)
    _sys_exit                                0x00000355   Thumb Code     8  sys_exit.o(.text)
    __I$use$semihosting                      0x00000361   Thumb Code     0  use_no_semi.o(.text)
    __use_no_semihosting_swi                 0x00000361   Thumb Code     2  use_no_semi.o(.text)
    __semihosting_library_function           0x00000363   Thumb Code     0  indicate_semi.o(.text)
    GROUP1_IRQHandler                        0x00000365   Thumb Code   284  main.o(.text.GROUP1_IRQHandler)
    LED1_init                                0x00000481   Thumb Code    76  leds.o(.text.LED1_init)
    LED1_set                                 0x000004c1   Thumb Code    28  leds.o(.text.LED1_set)
    LED1_toggle                              0x000004dd   Thumb Code    16  leds.o(.text.LED1_toggle)
    LED2_init                                0x000004ed   Thumb Code   112  leds.o(.text.LED2_init)
    LED2_set                                 0x00000551   Thumb Code    68  leds.o(.text.LED2_set)
    S1_init_interrupt                        0x00000595   Thumb Code   112  switches.o(.text.S1_init_interrupt)
    S2_init_interrupt                        0x000005f9   Thumb Code   112  switches.o(.text.S2_init_interrupt)
    TIMG0_IRQHandler                         0x0000065d   Thumb Code     2  main.o(.text.TIMG0_IRQHandler)
    TIMG12_IRQHandler                        0x00000661   Thumb Code    84  main.o(.text.TIMG12_IRQHandler)
    TIMG12_init                              0x000006b1   Thumb Code   104  timers.o(.text.TIMG12_init)
    TIMG6_IRQHandler                         0x0000070d   Thumb Code    40  main.o(.text.TIMG6_IRQHandler)
    TIMG6_init                               0x00000731   Thumb Code   108  timers.o(.text.TIMG6_init)
    UART0_init                               0x00000799   Thumb Code   156  uart.o(.text.UART0_init)
    UART0_put                                0x00000835   Thumb Code    36  uart.o(.text.UART0_put)
    hex_to_dec                               0x00000859   Thumb Code    84  main.o(.text.hex_to_dec)
    main                                     0x000008ad   Thumb Code   224  main.o(.text.main)
    Region$$Table$$Base                      0x00000990   Number         0  anon$$obj.o(Region$$Table)
    Region$$Table$$Limit                     0x000009b0   Number         0  anon$$obj.o(Region$$Table)
    LED1                                     0x20200000   Data           1  main.o(.data..L_MergedGlobals)
    LED2                                     0x20200004   Data           4  main.o(.data..L_MergedGlobals)
    ms                                       0x20200008   Data           4  main.o(.data..L_MergedGlobals)
    timing                                   0x2020000c   Data           4  main.o(.data..L_MergedGlobals)
    buf                                      0x20200010   Data          11  main.o(.data..L_MergedGlobals)
    __libspace_start                         0x20200020   Data          96  libspace.o(.bss)
    __temporary_stack_top$libspace           0x20200080   Data           0  libspace.o(.bss)



==============================================================================

Memory Map of the image

  Image Entry point : 0x000000c1

  Load Region LR_IROM1 (Base: 0x00000000, Size: 0x000009d0, Max: 0x00020000, ABSOLUTE)

    Execution Region ER_IROM1 (Exec base: 0x00000000, Load base: 0x00000000, Size: 0x000009b0, Max: 0x00020000, ABSOLUTE)

    Exec Addr    Load Addr    Size         Type   Attr      Idx    E Section Name        Object

    0x00000000   0x00000000   0x000000c0   Data   RO            3    RESET               startup_mspm0g350x_uvision.o
    0x000000c0   0x000000c0   0x00000008   Code   RO          169  * !!!main             c_p.l(__main.o)
    0x000000c8   0x000000c8   0x0000003c   Code   RO          344    !!!scatter          c_p.l(__scatter.o)
    0x00000104   0x00000104   0x00000004   PAD
    0x00000108   0x00000108   0x0000001a   Code   RO          346    !!handler_copy      c_p.l(__scatter_copy.o)
    0x00000122   0x00000122   0x00000006   PAD
    0x00000128   0x00000128   0x0000001c   Code   RO          348    !!handler_zi        c_p.l(__scatter_zi.o)
    0x00000144   0x00000144   0x00000002   Code   RO          207    .ARM.Collect$$libinit$$00000000  c_p.l(libinit.o)
    0x00000146   0x00000146   0x00000000   Code   RO          221    .ARM.Collect$$libinit$$00000002  c_p.l(libinit2.o)
    0x00000146   0x00000146   0x00000000   Code   RO          223    .ARM.Collect$$libinit$$00000004  c_p.l(libinit2.o)
    0x00000146   0x00000146   0x00000000   Code   RO          226    .ARM.Collect$$libinit$$0000000A  c_p.l(libinit2.o)
    0x00000146   0x00000146   0x00000000   Code   RO          228    .ARM.Collect$$libinit$$0000000C  c_p.l(libinit2.o)
    0x00000146   0x00000146   0x00000000   Code   RO          230    .ARM.Collect$$libinit$$0000000E  c_p.l(libinit2.o)
    0x00000146   0x00000146   0x00000000   Code   RO          233    .ARM.Collect$$libinit$$00000011  c_p.l(libinit2.o)
    0x00000146   0x00000146   0x00000000   Code   RO          235    .ARM.Collect$$libinit$$00000013  c_p.l(libinit2.o)
    0x00000146   0x00000146   0x00000000   Code   RO          237    .ARM.Collect$$libinit$$00000015  c_p.l(libinit2.o)
    0x00000146   0x00000146   0x00000000   Code   RO          239    .ARM.Collect$$libinit$$00000017  c_p.l(libinit2.o)
    0x00000146   0x00000146   0x00000000   Code   RO          241    .ARM.Collect$$libinit$$00000019  c_p.l(libinit2.o)
    0x00000146   0x00000146   0x00000000   Code   RO          243    .ARM.Collect$$libinit$$0000001B  c_p.l(libinit2.o)
    0x00000146   0x00000146   0x00000000   Code   RO          245    .ARM.Collect$$libinit$$0000001D  c_p.l(libinit2.o)
    0x00000146   0x00000146   0x00000000   Code   RO          247    .ARM.Collect$$libinit$$0000001F  c_p.l(libinit2.o)
    0x00000146   0x00000146   0x00000000   Code   RO          249    .ARM.Collect$$libinit$$00000021  c_p.l(libinit2.o)
    0x00000146   0x00000146   0x00000000   Code   RO          251    .ARM.Collect$$libinit$$00000023  c_p.l(libinit2.o)
    0x00000146   0x00000146   0x00000000   Code   RO          253    .ARM.Collect$$libinit$$00000025  c_p.l(libinit2.o)
    0x00000146   0x00000146   0x00000000   Code   RO          257    .ARM.Collect$$libinit$$0000002C  c_p.l(libinit2.o)
    0x00000146   0x00000146   0x00000000   Code   RO          259    .ARM.Collect$$libinit$$0000002E  c_p.l(libinit2.o)
    0x00000146   0x00000146   0x00000000   Code   RO          261    .ARM.Collect$$libinit$$00000030  c_p.l(libinit2.o)
    0x00000146   0x00000146   0x00000000   Code   RO          263    .ARM.Collect$$libinit$$00000032  c_p.l(libinit2.o)
    0x00000146   0x00000146   0x00000002   Code   RO          264    .ARM.Collect$$libinit$$00000033  c_p.l(libinit2.o)
    0x00000148   0x00000148   0x00000002   Code   RO          299    .ARM.Collect$$libshutdown$$00000000  c_p.l(libshutdown.o)
    0x0000014a   0x0000014a   0x00000000   Code   RO          327    .ARM.Collect$$libshutdown$$00000002  c_p.l(libshutdown2.o)
    0x0000014a   0x0000014a   0x00000000   Code   RO          329    .ARM.Collect$$libshutdown$$00000004  c_p.l(libshutdown2.o)
    0x0000014a   0x0000014a   0x00000000   Code   RO          332    .ARM.Collect$$libshutdown$$00000007  c_p.l(libshutdown2.o)
    0x0000014a   0x0000014a   0x00000000   Code   RO          335    .ARM.Collect$$libshutdown$$0000000A  c_p.l(libshutdown2.o)
    0x0000014a   0x0000014a   0x00000000   Code   RO          337    .ARM.Collect$$libshutdown$$0000000C  c_p.l(libshutdown2.o)
    0x0000014a   0x0000014a   0x00000000   Code   RO          340    .ARM.Collect$$libshutdown$$0000000F  c_p.l(libshutdown2.o)
    0x0000014a   0x0000014a   0x00000002   Code   RO          341    .ARM.Collect$$libshutdown$$00000010  c_p.l(libshutdown2.o)
    0x0000014c   0x0000014c   0x00000000   Code   RO          171    .ARM.Collect$$rtentry$$00000000  c_p.l(__rtentry.o)
    0x0000014c   0x0000014c   0x00000000   Code   RO          177    .ARM.Collect$$rtentry$$00000002  c_p.l(__rtentry2.o)
    0x0000014c   0x0000014c   0x00000006   Code   RO          189    .ARM.Collect$$rtentry$$00000004  c_p.l(__rtentry4.o)
    0x00000152   0x00000152   0x00000000   Code   RO          179    .ARM.Collect$$rtentry$$00000009  c_p.l(__rtentry2.o)
    0x00000152   0x00000152   0x00000004   Code   RO          180    .ARM.Collect$$rtentry$$0000000A  c_p.l(__rtentry2.o)
    0x00000156   0x00000156   0x00000000   Code   RO          182    .ARM.Collect$$rtentry$$0000000C  c_p.l(__rtentry2.o)
    0x00000156   0x00000156   0x00000008   Code   RO          183    .ARM.Collect$$rtentry$$0000000D  c_p.l(__rtentry2.o)
    0x0000015e   0x0000015e   0x00000002   Code   RO          212    .ARM.Collect$$rtexit$$00000000  c_p.l(rtexit.o)
    0x00000160   0x00000160   0x00000000   Code   RO          270    .ARM.Collect$$rtexit$$00000002  c_p.l(rtexit2.o)
    0x00000160   0x00000160   0x00000004   Code   RO          271    .ARM.Collect$$rtexit$$00000003  c_p.l(rtexit2.o)
    0x00000164   0x00000164   0x00000006   Code   RO          272    .ARM.Collect$$rtexit$$00000004  c_p.l(rtexit2.o)
    0x0000016a   0x0000016a   0x00000002   PAD
    0x0000016c   0x0000016c   0x00000030   Code   RO            4    .text               startup_mspm0g350x_uvision.o
    0x0000019c   0x0000019c   0x0000015a   Code   RO          163    .text               c_p.l(aeabi_sdiv.o)
    0x000002f6   0x000002f6   0x00000006   Code   RO          167    .text               c_p.l(heapauxi.o)
    0x000002fc   0x000002fc   0x0000003e   Code   RO          193    .text               c_p.l(sys_stackheap_outer.o)
    0x0000033a   0x0000033a   0x00000010   Code   RO          196    .text               c_p.l(exit.o)
    0x0000034a   0x0000034a   0x00000002   PAD
    0x0000034c   0x0000034c   0x00000008   Code   RO          208    .text               c_p.l(libspace.o)
    0x00000354   0x00000354   0x0000000c   Code   RO          265    .text               c_p.l(sys_exit.o)
    0x00000360   0x00000360   0x00000002   Code   RO          288    .text               c_p.l(use_no_semi.o)
    0x00000362   0x00000362   0x00000000   Code   RO          290    .text               c_p.l(indicate_semi.o)
    0x00000362   0x00000362   0x00000002   PAD
    0x00000364   0x00000364   0x0000011c   Code   RO           21    .text.GROUP1_IRQHandler  main.o
    0x00000480   0x00000480   0x00000040   Code   RO          110    .text.LED1_init     leds.o
    0x000004c0   0x000004c0   0x0000001c   Code   RO          114    .text.LED1_set      leds.o
    0x000004dc   0x000004dc   0x00000010   Code   RO          116    .text.LED1_toggle   leds.o
    0x000004ec   0x000004ec   0x00000064   Code   RO          112    .text.LED2_init     leds.o
    0x00000550   0x00000550   0x00000044   Code   RO          118    .text.LED2_set      leds.o
    0x00000594   0x00000594   0x00000064   Code   RO           76    .text.S1_init_interrupt  switches.o
    0x000005f8   0x000005f8   0x00000064   Code   RO           78    .text.S2_init_interrupt  switches.o
    0x0000065c   0x0000065c   0x00000002   Code   RO           15    .text.TIMG0_IRQHandler  main.o
    0x0000065e   0x0000065e   0x00000002   PAD
    0x00000660   0x00000660   0x00000050   Code   RO           19    .text.TIMG12_IRQHandler  main.o
    0x000006b0   0x000006b0   0x0000005c   Code   RO           97    .text.TIMG12_init   timers.o
    0x0000070c   0x0000070c   0x00000024   Code   RO           17    .text.TIMG6_IRQHandler  main.o
    0x00000730   0x00000730   0x00000068   Code   RO           95    .text.TIMG6_init    timers.o
    0x00000798   0x00000798   0x0000009c   Code   RO          131    .text.UART0_init    uart.o
    0x00000834   0x00000834   0x00000024   Code   RO          139    .text.UART0_put     uart.o
    0x00000858   0x00000858   0x00000054   Code   RO           11    .text.hex_to_dec    main.o
    0x000008ac   0x000008ac   0x000000e0   Code   RO           13    .text.main          main.o
    0x0000098c   0x0000098c   0x00000004   PAD
    0x00000990   0x00000990   0x00000020   Data   RO          342    Region$$Table       anon$$obj.o


    Execution Region RW_IRAM2 (Exec base: 0x20200000, Load base: 0x000009b0, Size: 0x00000480, Max: 0x00008000, ABSOLUTE)

    Exec Addr    Load Addr    Size         Type   Attr      Idx    E Section Name        Object

    0x20200000   0x000009b0   0x0000001c   Data   RW           24    .data..L_MergedGlobals  main.o
    0x2020001c   0x000009cc   0x00000004   PAD
    0x20200020        -       0x00000060   Zero   RW          209    .bss                c_p.l(libspace.o)
    0x20200080        -       0x00000200   Zero   RW            2    HEAP                startup_mspm0g350x_uvision.o
    0x20200280        -       0x00000200   Zero   RW            1    STACK               startup_mspm0g350x_uvision.o



  Load Region LR_BCR (Base: 0x41c00000, Size: 0x00000000, Max: 0x00000100, ABSOLUTE)

    Execution Region BCR_CONFIG (Exec base: 0x41c00000, Load base: 0x41c00000, Size: 0x00000000, Max: 0x00000080, ABSOLUTE)

    **** No section assigned to this execution region ****



  Load Region LR_BSL (Base: 0x41c00100, Size: 0x00000000, Max: 0x00000100, ABSOLUTE)

    Execution Region BSL_CONFIG (Exec base: 0x41c00100, Load base: 0x41c00100, Size: 0x00000000, Max: 0x00000080, ABSOLUTE)

    **** No section assigned to this execution region ****


==============================================================================

Image component sizes


      Code (inc. data)   RO Data    RW Data    ZI Data      Debug   Object Name

       276         28          0          0          0       5521   leds.o
       710        200          0         28          0       7211   main.o
        48         22        192          0       1024        768   startup_mspm0g350x_uvision.o
       200         32          0          0          0       7024   switches.o
       196         40          0          0          0       5710   timers.o
       192         36          0          0          0       5751   uart.o

    ----------------------------------------------------------------------
      1628        362        224         28       1028      31985   Object Totals
         0          0         32          0          0          0   (incl. Generated)
         6          4          0          0          4          0   (incl. Padding)

    ----------------------------------------------------------------------

      Code (inc. data)   RO Data    RW Data    ZI Data      Debug   Library Member Name

         8          0          0          0          0         68   __main.o
         0          0          0          0          0          0   __rtentry.o
        12          0          0          0          0          0   __rtentry2.o
         6          0          0          0          0          0   __rtentry4.o
        60          8          0          0          0          0   __scatter.o
        26          0          0          0          0          0   __scatter_copy.o
        28          0          0          0          0          0   __scatter_zi.o
       346          0          0          0          0         92   aeabi_sdiv.o
        16          0          0          0          0         68   exit.o
         6          0          0          0          0        136   heapauxi.o
         0          0          0          0          0          0   indicate_semi.o
         2          0          0          0          0          0   libinit.o
         2          0          0          0          0          0   libinit2.o
         2          0          0          0          0          0   libshutdown.o
         2          0          0          0          0          0   libshutdown2.o
         8          4          0          0         96         68   libspace.o
         2          0          0          0          0          0   rtexit.o
        10          0          0          0          0          0   rtexit2.o
        12          4          0          0          0         60   sys_exit.o
        62          0          0          0          0         80   sys_stackheap_outer.o
         2          0          0          0          0         68   use_no_semi.o

    ----------------------------------------------------------------------
       628         20          0          0         96        640   Library Totals
        16          4          0          0          0          0   (incl. Padding)

    ----------------------------------------------------------------------

      Code (inc. data)   RO Data    RW Data    ZI Data      Debug   Library Name

       612         16          0          0         96        640   c_p.l

    ----------------------------------------------------------------------
       628         20          0          0         96        640   Library Totals

    ----------------------------------------------------------------------

==============================================================================


      Code (inc. data)   RO Data    RW Data    ZI Data      Debug   

      2256        382        224         28       1124      32417   Grand Totals
      2256        382        224         28       1124      32417   ELF Image Totals
      2256        382        224         28          0          0   ROM Totals

==============================================================================

    Total RO  Size (Code + RO Data)                 2480 (   2.42kB)
    Total RW  Size (RW Data + ZI Data)              1152 (   1.13kB)
    Total ROM Size (Code + RO Data + RW Data)       2508 (   2.45kB)

==============================================================================

